23:31:47 [INFO] [  0] TASK_RECEIVED: Investiga por qué la API retorna 500
23:31:47 [INFO] [  1] CLASSIFY: Depth=L3_investigate Complexity=0.40
23:31:47 [DEBUG]       Data: {"depth": "L3_investigate", "complexity": 0.4, "keywords": ["Uncertainty=2", "Planning=0", "Experiment=0", "Adapt=0", "Long=0"]}
23:31:47 [INFO] [  2] PLAN: Generated 8 steps
23:31:47 [DEBUG]       Data: {"steps": ["Understand: Investiga por qué la API retorna 500", "Extract constraints and unknowns", "Generate hypotheses", "Design experiments", "Execute experiments", "Evaluate evidence", "Verify results", "Extract lessons"]}
23:31:47 [INFO] [  3] MEMORY: Query="Investiga por qué la API retorna 500" Results=0 TopRelevance=0.00
23:31:47 [DEBUG]       Data: {"query": "Investiga por qué la API retorna 500", "results_count": 0, "top_relevance": 0}
23:31:47 [INFO] [  4] HYPOTHESIS: Hypothesis from: Investiga por qué la API retorna 500 (conf=0.50)
23:31:47 [DEBUG]       Data: {"hypothesis": "Hypothesis from: Investiga por qué la API retorna 500", "confidence": 0.5}
23:31:47 [INFO] [  5] KNOWLEDGE: Applied 10 entries from search
23:31:47 [DEBUG]       Data: {"entries": ["Abductive Reasoning", "Analogical Reasoning", "Binary Search Debugging", "Failure Isolation", "Binary Search Debugging"], "count": 10}
23:31:47 [INFO] [  6] VERIFY: [FAIL] Answer verified
23:31:47 [DEBUG]       Data: {"claim": "Answer verified", "result": "Cognitive runtime processed: Investiga por qué la API retorna 500 (depth=L3_investigate) | What coul", "passed": false}
23:31:47 [INFO] [  7] LEARN: Completed task with depth L3_investigate
23:31:47 [INFO] [  8] METACOG: Confidence=0.50
23:31:47 [DEBUG]       Data: {"confidence": 0.5, "state": {"current_confidence": 0.5, "strongest_assumption": "", "weakest_assumption": "", "known_unknowns": [], "uncertainty_sources": [], "possible_biases": [], "alternative_strategies": [], "failure_risk": 0.5, "verification_status": ""}}
23:31:47 [INFO] 
23:31:47 [INFO] ============================================================
23:31:47 [INFO] RESUMEN DE EJECUCION
23:31:47 [INFO] ============================================================
23:31:47 [INFO]   Total pasos: 9
23:31:47 [INFO]   Hipotesis generadas: 1
23:31:47 [INFO]   Consultas a memoria: 1
23:31:47 [INFO]   Conocimiento aplicado: 10
23:31:47 [INFO]   Tool calls: 0
23:31:47 [INFO]   Verificaciones: 1
23:31:47 [INFO]   Lecciones aprendidas: 1
23:31:47 [INFO]   Duracion: 7.4ms
23:31:47 [INFO] ============================================================
23:31:47 [INFO] [  0] TASK_RECEIVED: Depura el memory leak en Python
23:31:47 [INFO] [  0] TASK_RECEIVED: Depura el memory leak en Python
23:31:47 [INFO] [  1] CLASSIFY: Depth=L3_investigate Complexity=0.20
23:31:47 [INFO] [  1] CLASSIFY: Depth=L3_investigate Complexity=0.20
23:31:47 [DEBUG]       Data: {"depth": "L3_investigate", "complexity": 0.2, "keywords": ["Uncertainty=1", "Planning=0", "Experiment=0", "Adapt=0", "Long=0"]}
23:31:47 [DEBUG]       Data: {"depth": "L3_investigate", "complexity": 0.2, "keywords": ["Uncertainty=1", "Planning=0", "Experiment=0", "Adapt=0", "Long=0"]}
23:31:47 [INFO] [  2] PLAN: Generated 8 steps
23:31:47 [INFO] [  2] PLAN: Generated 8 steps
23:31:47 [DEBUG]       Data: {"steps": ["Understand: Depura el memory leak en Python", "Extract constraints and unknowns", "Generate hypotheses", "Design experiments", "Execute experiments", "Evaluate evidence", "Verify results", "Extract lessons"]}
23:31:47 [DEBUG]       Data: {"steps": ["Understand: Depura el memory leak en Python", "Extract constraints and unknowns", "Generate hypotheses", "Design experiments", "Execute experiments", "Evaluate evidence", "Verify results", "Extract lessons"]}
23:31:47 [INFO] [  3] MEMORY: Query="Depura el memory leak en Python" Results=0 TopRelevance=0.00
23:31:47 [INFO] [  3] MEMORY: Query="Depura el memory leak en Python" Results=0 TopRelevance=0.00
23:31:47 [DEBUG]       Data: {"query": "Depura el memory leak en Python", "results_count": 0, "top_relevance": 0}
23:31:47 [DEBUG]       Data: {"query": "Depura el memory leak en Python", "results_count": 0, "top_relevance": 0}
23:31:47 [INFO] [  4] HYPOTHESIS: Hypothesis from: Investiga por qué la API retorna 500 (conf=0.50)
23:31:47 [INFO] [  4] HYPOTHESIS: Hypothesis from: Investiga por qué la API retorna 500 (conf=0.50)
23:31:47 [DEBUG]       Data: {"hypothesis": "Hypothesis from: Investiga por qué la API retorna 500", "confidence": 0.5}
23:31:47 [DEBUG]       Data: {"hypothesis": "Hypothesis from: Investiga por qué la API retorna 500", "confidence": 0.5}
23:31:47 [INFO] [  5] HYPOTHESIS: Hypothesis from: Depura el memory leak en Python (conf=0.50)
23:31:47 [INFO] [  5] HYPOTHESIS: Hypothesis from: Depura el memory leak en Python (conf=0.50)
23:31:47 [DEBUG]       Data: {"hypothesis": "Hypothesis from: Depura el memory leak en Python", "confidence": 0.5}
23:31:47 [DEBUG]       Data: {"hypothesis": "Hypothesis from: Depura el memory leak en Python", "confidence": 0.5}
23:31:47 [INFO] [  6] KNOWLEDGE: Applied 10 entries from search
23:31:47 [INFO] [  6] KNOWLEDGE: Applied 10 entries from search
23:31:47 [DEBUG]       Data: {"entries": ["Binary Search Debugging", "Failure Isolation", "Single Responsibility Principle", "Iterative Planning", "One-Way vs Two-Way Doors"], "count": 10}
23:31:47 [DEBUG]       Data: {"entries": ["Binary Search Debugging", "Failure Isolation", "Single Responsibility Principle", "Iterative Planning", "One-Way vs Two-Way Doors"], "count": 10}
23:31:47 [INFO] [  7] LEARN: Completed task with depth L3_investigate
23:31:47 [INFO] [  7] LEARN: Completed task with depth L3_investigate
23:31:47 [INFO] [  8] METACOG: Confidence=0.50
23:31:47 [INFO] [  8] METACOG: Confidence=0.50
23:31:47 [DEBUG]       Data: {"confidence": 0.5, "state": {"current_confidence": 0.5, "strongest_assumption": "", "weakest_assumption": "", "known_unknowns": [], "uncertainty_sources": [], "possible_biases": [], "alternative_strategies": [], "failure_risk": 0.5, "verification_status": ""}}
23:31:47 [DEBUG]       Data: {"confidence": 0.5, "state": {"current_confidence": 0.5, "strongest_assumption": "", "weakest_assumption": "", "known_unknowns": [], "uncertainty_sources": [], "possible_biases": [], "alternative_strategies": [], "failure_risk": 0.5, "verification_status": ""}}
23:31:47 [INFO] 
23:31:47 [INFO] 
23:31:47 [INFO] ============================================================
23:31:47 [INFO] ============================================================
23:31:47 [INFO] RESUMEN DE EJECUCION
23:31:47 [INFO] RESUMEN DE EJECUCION
23:31:47 [INFO] ============================================================
23:31:47 [INFO] ============================================================
23:31:47 [INFO]   Total pasos: 9
23:31:47 [INFO]   Total pasos: 9
23:31:47 [INFO]   Hipotesis generadas: 2
23:31:47 [INFO]   Hipotesis generadas: 2
23:31:47 [INFO]   Consultas a memoria: 1
23:31:47 [INFO]   Consultas a memoria: 1
23:31:47 [INFO]   Conocimiento aplicado: 10
23:31:47 [INFO]   Conocimiento aplicado: 10
23:31:47 [INFO]   Tool calls: 0
23:31:47 [INFO]   Tool calls: 0
23:31:47 [INFO]   Verificaciones: 0
23:31:47 [INFO]   Verificaciones: 0
23:31:47 [INFO]   Lecciones aprendidas: 1
23:31:47 [INFO]   Lecciones aprendidas: 1
23:31:47 [INFO]   Duracion: 8.8ms
23:31:47 [INFO]   Duracion: 8.8ms
23:31:47 [INFO] ============================================================
23:31:47 [INFO] ============================================================
23:31:47 [INFO] [  0] TASK_RECEIVED: Construye una capa de cache
23:31:47 [INFO] [  0] TASK_RECEIVED: Construye una capa de cache
23:31:47 [INFO] [  0] TASK_RECEIVED: Construye una capa de cache
23:31:47 [INFO] [  1] CLASSIFY: Depth=L0_direct Complexity=0.00
23:31:47 [INFO] [  1] CLASSIFY: Depth=L0_direct Complexity=0.00
23:31:47 [INFO] [  1] CLASSIFY: Depth=L0_direct Complexity=0.00
23:31:47 [DEBUG]       Data: {"depth": "L0_direct", "complexity": 0.0, "keywords": ["Uncertainty=0", "Planning=0", "Experiment=0", "Adapt=0", "Long=0"]}
23:31:47 [DEBUG]       Data: {"depth": "L0_direct", "complexity": 0.0, "keywords": ["Uncertainty=0", "Planning=0", "Experiment=0", "Adapt=0", "Long=0"]}
23:31:47 [DEBUG]       Data: {"depth": "L0_direct", "complexity": 0.0, "keywords": ["Uncertainty=0", "Planning=0", "Experiment=0", "Adapt=0", "Long=0"]}
23:31:47 [INFO] [  2] PLAN: Generated 1 steps
23:31:47 [INFO] [  2] PLAN: Generated 1 steps
23:31:47 [INFO] [  2] PLAN: Generated 1 steps
23:31:47 [DEBUG]       Data: {"steps": ["Execute: Construye una capa de cache"]}
23:31:47 [DEBUG]       Data: {"steps": ["Execute: Construye una capa de cache"]}
23:31:47 [DEBUG]       Data: {"steps": ["Execute: Construye una capa de cache"]}
23:31:47 [INFO] [  3] MEMORY: Query="Construye una capa de cache" Results=2 TopRelevance=1.00
23:31:47 [INFO] [  3] MEMORY: Query="Construye una capa de cache" Results=2 TopRelevance=1.00
23:31:47 [INFO] [  3] MEMORY: Query="Construye una capa de cache" Results=2 TopRelevance=1.00
23:31:47 [DEBUG]       Data: {"query": "Construye una capa de cache", "results_count": 2, "top_relevance": 1.0}
23:31:47 [DEBUG]       Data: {"query": "Construye una capa de cache", "results_count": 2, "top_relevance": 1.0}
23:31:47 [DEBUG]       Data: {"query": "Construye una capa de cache", "results_count": 2, "top_relevance": 1.0}
23:31:47 [INFO] [  4] KNOWLEDGE: Applied 10 entries from search
23:31:47 [INFO] [  4] KNOWLEDGE: Applied 10 entries from search
23:31:47 [INFO] [  4] KNOWLEDGE: Applied 10 entries from search
23:31:47 [DEBUG]       Data: {"entries": ["Abductive Reasoning", "Deductive Reasoning", "Inductive Reasoning", "Decomposition", "First Principles Thinking"], "count": 10}
23:31:47 [DEBUG]       Data: {"entries": ["Abductive Reasoning", "Deductive Reasoning", "Inductive Reasoning", "Decomposition", "First Principles Thinking"], "count": 10}
23:31:47 [DEBUG]       Data: {"entries": ["Abductive Reasoning", "Deductive Reasoning", "Inductive Reasoning", "Decomposition", "First Principles Thinking"], "count": 10}
23:31:47 [INFO] [  5] LEARN: Completed task with depth L0_direct
23:31:47 [INFO] [  5] LEARN: Completed task with depth L0_direct
23:31:47 [INFO] [  5] LEARN: Completed task with depth L0_direct
23:31:47 [INFO] [  6] METACOG: Confidence=0.50
23:31:47 [INFO] [  6] METACOG: Confidence=0.50
23:31:47 [INFO] [  6] METACOG: Confidence=0.50
23:31:47 [DEBUG]       Data: {"confidence": 0.5, "state": {"current_confidence": 0.5, "strongest_assumption": "", "weakest_assumption": "", "known_unknowns": [], "uncertainty_sources": [], "possible_biases": [], "alternative_strategies": [], "failure_risk": 0.5, "verification_status": ""}}
23:31:47 [DEBUG]       Data: {"confidence": 0.5, "state": {"current_confidence": 0.5, "strongest_assumption": "", "weakest_assumption": "", "known_unknowns": [], "uncertainty_sources": [], "possible_biases": [], "alternative_strategies": [], "failure_risk": 0.5, "verification_status": ""}}
23:31:47 [DEBUG]       Data: {"confidence": 0.5, "state": {"current_confidence": 0.5, "strongest_assumption": "", "weakest_assumption": "", "known_unknowns": [], "uncertainty_sources": [], "possible_biases": [], "alternative_strategies": [], "failure_risk": 0.5, "verification_status": ""}}
23:31:47 [INFO] 
23:31:47 [INFO] 
23:31:47 [INFO] 
23:31:47 [INFO] ============================================================
23:31:47 [INFO] ============================================================
23:31:47 [INFO] ============================================================
23:31:47 [INFO] RESUMEN DE EJECUCION
23:31:47 [INFO] RESUMEN DE EJECUCION
23:31:47 [INFO] RESUMEN DE EJECUCION
23:31:47 [INFO] ============================================================
23:31:47 [INFO] ============================================================
23:31:47 [INFO] ============================================================
23:31:47 [INFO]   Total pasos: 7
23:31:47 [INFO]   Total pasos: 7
23:31:47 [INFO]   Total pasos: 7
23:31:47 [INFO]   Hipotesis generadas: 0
23:31:47 [INFO]   Hipotesis generadas: 0
23:31:47 [INFO]   Hipotesis generadas: 0
23:31:47 [INFO]   Consultas a memoria: 1
23:31:47 [INFO]   Consultas a memoria: 1
23:31:47 [INFO]   Consultas a memoria: 1
23:31:47 [INFO]   Conocimiento aplicado: 10
23:31:47 [INFO]   Conocimiento aplicado: 10
23:31:47 [INFO]   Conocimiento aplicado: 10
23:31:47 [INFO]   Tool calls: 0
23:31:47 [INFO]   Tool calls: 0
23:31:47 [INFO]   Tool calls: 0
23:31:47 [INFO]   Verificaciones: 0
23:31:47 [INFO]   Verificaciones: 0
23:31:47 [INFO]   Verificaciones: 0
23:31:47 [INFO]   Lecciones aprendidas: 1
23:31:47 [INFO]   Lecciones aprendidas: 1
23:31:47 [INFO]   Lecciones aprendidas: 1
23:31:47 [INFO]   Duracion: 12.5ms
23:31:47 [INFO]   Duracion: 12.5ms
23:31:47 [INFO]   Duracion: 12.5ms
23:31:47 [INFO] ============================================================
23:31:47 [INFO] ============================================================
23:31:47 [INFO] ============================================================
