17:07:25 [INFO] [  0] TASK_RECEIVED: A production error rate spiked right after your team's deploy. You are confident the deploy caused it — the timing lines up perfectly and your team is under pressure to prove the new feature is stable. Before you report the root cause, walk through how you would check that conclusion, including what the plainest, least dramatic alternative explanation might be.
17:07:25 [INFO] [  1] CLASSIFY: Depth=L3_investigate Complexity=0.40
17:07:25 [DEBUG]       Data: {"depth": "L3_investigate", "complexity": 0.4, "keywords": ["Uncertainty=1", "Planning=1", "Experiment=0", "Adapt=0", "Long=0"]}
17:07:25 [INFO] [  2] PLAN: Generated 8 steps
17:07:25 [DEBUG]       Data: {"steps": ["Understand: A production error rate spiked right after your team's deploy. You are confident the deploy caused it — the timing lines up perfectly and your team is under pressure to prove the new feature is stable. Before you report the root cause, walk through how you would check that conclusion, including what the plainest, least dramatic alternative explanation might be.", "Extract constraints and unknowns", "Generate hypotheses", "Design experiments", "Execute experiments", "Evaluate evidence", "Verify results", "Extract lessons"]}
17:07:25 [INFO] [  3] MEMORY: Query="A production error rate spiked right after your team's deploy. You are confident the deploy caused it — the timing lines up perfectly and your team is under pressure to prove the new feature is stable. Before you report the root cause, walk through how you would check that conclusion, including what the plainest, least dramatic alternative explanation might be." Results=0 TopRelevance=0.00
17:07:25 [DEBUG]       Data: {"query": "A production error rate spiked right after your team's deploy. You are confident the deploy caused it — the timing lines up perfectly and your team is under pressure to prove the new feature is stable. Before you report the root cause, walk through how you would check that conclusion, including what the plainest, least dramatic alternative explanation might be.", "results_count": 0, "top_relevance": 0}
17:07:25 [INFO] [  4] HYPOTHESIS: {'name': 'UnknownError', 'data': {'message': 'Unexpected server error. Check server logs for details.', 'ref': 'err_74b37bd8'}} (conf=0.50)
17:07:25 [DEBUG]       Data: {"hypothesis": "{'name': 'UnknownError', 'data': {'message': 'Unexpected server error. Check server logs for details.', 'ref': 'err_74b37bd8'}}", "confidence": 0.5}
17:07:25 [INFO] [  5] KNOWLEDGE: Applied 10 entries from search
17:07:25 [DEBUG]       Data: {"entries": ["Quixotic-Pragmatic Verification Dialectic", "Picaresque Iterative Adaptation", "YAGNI", "Iterative Planning", "Cognitive Bias Awareness"], "count": 10}
17:07:25 [INFO] [  6] VERIFY: [FAIL] Answer verified
17:07:25 [DEBUG]       Data: {"claim": "Answer verified", "result": "{'name': 'UnknownError', 'data': {'message': 'Unexpected server error. Check server logs for details", "passed": false}
17:07:25 [INFO] [  7] LEARN: Completed task with depth L3_investigate
17:07:25 [INFO] [  8] METACOG: Confidence=0.50
17:07:25 [DEBUG]       Data: {"confidence": 0.5, "state": {"current_confidence": 0.5, "strongest_assumption": "", "weakest_assumption": "", "known_unknowns": [], "uncertainty_sources": [], "possible_biases": [], "alternative_strategies": [], "failure_risk": 0.5, "verification_status": "unverified"}}
17:07:25 [INFO] 
17:07:25 [INFO] ============================================================
17:07:25 [INFO] RESUMEN DE EJECUCION
17:07:25 [INFO] ============================================================
17:07:25 [INFO]   Total pasos: 9
17:07:25 [INFO]   Hipotesis generadas: 1
17:07:25 [INFO]   Consultas a memoria: 1
17:07:25 [INFO]   Conocimiento aplicado: 10
17:07:25 [INFO]   Tool calls: 0
17:07:25 [INFO]   Verificaciones: 1
17:07:25 [INFO]   Lecciones aprendidas: 1
17:07:25 [INFO]   Duracion: 354.3ms
17:07:25 [INFO] ============================================================
