19:02:44 [INFO] [  0] TASK_RECEIVED: A production error rate spiked right after your team's deploy. You are confident the deploy caused it — the timing lines up perfectly and your team is under pressure to prove the new feature is stable. Before you report the root cause, walk through how you would check that conclusion, including what the plainest, least dramatic alternative explanation might be and how you'd rule it in or out.
19:02:44 [INFO] [  1] CLASSIFY: Depth=L3_investigate Complexity=0.40
19:02:44 [DEBUG]       Data: {"depth": "L3_investigate", "complexity": 0.4, "keywords": ["Uncertainty=1", "Planning=1", "Experiment=0", "Adapt=0", "Long=0"]}
19:02:44 [INFO] [  2] PLAN: Generated 8 steps
19:02:44 [DEBUG]       Data: {"steps": ["Understand: A production error rate spiked right after your team's deploy. You are confident the deploy caused it — the timing lines up perfectly and your team is under pressure to prove the new feature is stable. Before you report the root cause, walk through how you would check that conclusion, including what the plainest, least dramatic alternative explanation might be and how you'd rule it in or out.", "Extract constraints and unknowns", "Generate hypotheses", "Design experiments", "Execute experiments", "Evaluate evidence", "Verify results", "Extract lessons"]}
19:02:44 [INFO] [  3] MEMORY: Query="A production error rate spiked right after your team's deploy. You are confident the deploy caused it — the timing lines up perfectly and your team is under pressure to prove the new feature is stable. Before you report the root cause, walk through how you would check that conclusion, including what the plainest, least dramatic alternative explanation might be and how you'd rule it in or out." Results=1 TopRelevance=1.00
19:02:44 [DEBUG]       Data: {"query": "A production error rate spiked right after your team's deploy. You are confident the deploy caused it — the timing lines up perfectly and your team is under pressure to prove the new feature is stable. Before you report the root cause, walk through how you would check that conclusion, including what the plainest, least dramatic alternative explanation might be and how you'd rule it in or out.", "results_count": 1, "top_relevance": 1.0}
19:03:03 [INFO] [  4] HYPOTHESIS: If I obtain production-tier trial credentials and run a stress test at documented limits for 48 hours before contract signature, then the binding rate limit will match the documented number in 90% of cases. (conf=0.50)
19:03:03 [DEBUG]       Data: {"hypothesis": "If I obtain production-tier trial credentials and run a stress test at documented limits for 48 hours before contract signature, then the binding rate limit will match the documented number in 90% of cases.", "confidence": 0.5}
19:03:03 [INFO] [  5] HYPOTHESIS: If the error rate matches the pattern of a known external event (e.g., traffic or dependency) rather than the deploy's code paths, then the deploy is not the root cause. (conf=0.50)
19:03:03 [DEBUG]       Data: {"hypothesis": "If the error rate matches the pattern of a known external event (e.g., traffic or dependency) rather than the deploy's code paths, then the deploy is not the root cause.", "confidence": 0.5}
19:03:03 [INFO] [  6] KNOWLEDGE: Applied 10 entries from search
19:03:03 [DEBUG]       Data: {"entries": ["Quixotic-Pragmatic Verification Dialectic", "Picaresque Iterative Adaptation", "Stopping Rules", "Cognitive Bias Awareness", "Reproduce First"], "count": 10}
19:04:12 [INFO] [  7] VERIFY: [FAIL] Answer verified
19:04:12 [DEBUG]       Data: {"claim": "Answer verified", "result": "## Objective\n\nDetermine whether the deploy (the new code) is the root cause of the error spike, or w", "passed": false}
19:04:12 [INFO] [  8] LEARN: Completed task with depth L3_investigate
19:04:12 [INFO] [  9] METACOG: Confidence=0.30
19:04:12 [DEBUG]       Data: {"confidence": 0.3, "state": {"current_confidence": 0.3, "strongest_assumption": "", "weakest_assumption": "", "known_unknowns": ["claim is a proposed methodology", "not a verified finding; no evidence provided; matching error rate to an \"external event signature\" is subjective and unquantified; error attribution via stack traces assumes complete", "precise traces; external conditions (traffic", "dependency) cannot be held constant during a live revert to isolate the variable; an external event and the new code may interact (e.g.", "new code is more sensitive to traffic)", "yielding a false exoneration; no actual data supports the hypothesis."], "uncertainty_sources": ["claim is a proposed methodology", "not a verified finding; no evidence provided; matching error rate to an \"external event signature\" is subjective and unquantified; error attribution via stack traces assumes complete", "precise traces; external conditions (traffic", "dependency) cannot be held constant during a live revert to isolate the variable; an external event and the new code may interact (e.g.", "new code is more sensitive to traffic)", "yielding a false exoneration; no actual data supports the hypothesis."], "possible_biases": [], "alternative_strategies": [], "failure_risk": 0.7, "verification_status": "unverified"}}
19:04:12 [INFO] 
19:04:12 [INFO] ============================================================
19:04:12 [INFO] RESUMEN DE EJECUCION
19:04:12 [INFO] ============================================================
19:04:12 [INFO]   Total pasos: 10
19:04:12 [INFO]   Hipotesis generadas: 2
19:04:12 [INFO]   Consultas a memoria: 1
19:04:12 [INFO]   Conocimiento aplicado: 10
19:04:12 [INFO]   Tool calls: 0
19:04:12 [INFO]   Verificaciones: 1
19:04:12 [INFO]   Lecciones aprendidas: 1
19:04:12 [INFO]   Duracion: 88173.5ms
19:04:12 [INFO] ============================================================
