10:53:55 [INFO] [  0] TASK_RECEIVED: Design an experiment to test whether the hypothesis about caching holds
10:53:55 [INFO] [  1] CLASSIFY: Depth=L4_experiment Complexity=0.80
10:53:55 [DEBUG]       Data: {"depth": "L4_experiment", "complexity": 0.8, "keywords": ["Uncertainty=0", "Planning=1", "Experiment=3", "Adapt=0", "Long=0"]}
10:53:55 [INFO] [  2] PLAN: Generated 8 steps
10:53:55 [DEBUG]       Data: {"steps": ["Understand: Design an experiment to test whether the hypothesis about caching holds", "Extract constraints and unknowns", "Generate hypotheses", "Design experiments", "Execute experiments", "Evaluate evidence", "Verify results", "Extract lessons"]}
10:53:55 [INFO] [  3] MEMORY: Query="Design an experiment to test whether the hypothesis about caching holds" Results=0 TopRelevance=0.00
10:53:55 [DEBUG]       Data: {"query": "Design an experiment to test whether the hypothesis about caching holds", "results_count": 0, "top_relevance": 0}
10:53:55 [INFO] [  4] HYPOTHESIS: Hypothesis: caching evicts too early (conf=0.50)
10:53:55 [DEBUG]       Data: {"hypothesis": "Hypothesis: caching evicts too early", "confidence": 0.5}
10:53:55 [INFO] [  5] VERIFY: [FAIL] Answer verified
10:53:55 [DEBUG]       Data: {"claim": "Answer verified", "result": "Some answer to the task | What if the caching layer isn't the bottleneck at all?", "passed": false}
10:53:55 [INFO] [  6] LEARN: Completed task with depth L4_experiment
10:53:55 [INFO] [  7] METACOG: Confidence=0.10
10:53:55 [DEBUG]       Data: {"confidence": 0.1, "state": {"current_confidence": 0.1, "strongest_assumption": "", "weakest_assumption": "", "known_unknowns": ["untested", "unclear requirements", "no rollback", "conflicting evidence"], "uncertainty_sources": ["untested", "unclear requirements", "no rollback", "conflicting evidence"], "possible_biases": [], "alternative_strategies": [], "failure_risk": 0.9, "verification_status": "unverified"}}
10:53:55 [INFO] 
10:53:55 [INFO] ============================================================
10:53:55 [INFO] RESUMEN DE EJECUCION
10:53:55 [INFO] ============================================================
10:53:55 [INFO]   Total pasos: 8
10:53:55 [INFO]   Hipotesis generadas: 1
10:53:55 [INFO]   Consultas a memoria: 1
10:53:55 [INFO]   Conocimiento aplicado: 0
10:53:55 [INFO]   Tool calls: 0
10:53:55 [INFO]   Verificaciones: 1
10:53:55 [INFO]   Lecciones aprendidas: 1
10:53:55 [INFO]   Duracion: 10.9ms
10:53:55 [INFO] ============================================================
10:53:55 [INFO] [  0] TASK_RECEIVED: Design an experiment to test whether the hypothesis about caching holds
10:53:55 [INFO] [  0] TASK_RECEIVED: Design an experiment to test whether the hypothesis about caching holds
10:53:55 [INFO] [  1] CLASSIFY: Depth=L4_experiment Complexity=0.80
10:53:55 [INFO] [  1] CLASSIFY: Depth=L4_experiment Complexity=0.80
10:53:55 [DEBUG]       Data: {"depth": "L4_experiment", "complexity": 0.8, "keywords": ["Uncertainty=0", "Planning=1", "Experiment=3", "Adapt=0", "Long=0"]}
10:53:55 [DEBUG]       Data: {"depth": "L4_experiment", "complexity": 0.8, "keywords": ["Uncertainty=0", "Planning=1", "Experiment=3", "Adapt=0", "Long=0"]}
10:53:55 [INFO] [  2] PLAN: Generated 8 steps
10:53:55 [INFO] [  2] PLAN: Generated 8 steps
10:53:55 [DEBUG]       Data: {"steps": ["Understand: Design an experiment to test whether the hypothesis about caching holds", "Extract constraints and unknowns", "Generate hypotheses", "Design experiments", "Execute experiments", "Evaluate evidence", "Verify results", "Extract lessons"]}
10:53:55 [DEBUG]       Data: {"steps": ["Understand: Design an experiment to test whether the hypothesis about caching holds", "Extract constraints and unknowns", "Generate hypotheses", "Design experiments", "Execute experiments", "Evaluate evidence", "Verify results", "Extract lessons"]}
10:53:55 [INFO] [  3] MEMORY: Query="Design an experiment to test whether the hypothesis about caching holds" Results=0 TopRelevance=0.00
10:53:55 [INFO] [  3] MEMORY: Query="Design an experiment to test whether the hypothesis about caching holds" Results=0 TopRelevance=0.00
10:53:55 [DEBUG]       Data: {"query": "Design an experiment to test whether the hypothesis about caching holds", "results_count": 0, "top_relevance": 0}
10:53:55 [DEBUG]       Data: {"query": "Design an experiment to test whether the hypothesis about caching holds", "results_count": 0, "top_relevance": 0}
10:53:55 [INFO] [  4] HYPOTHESIS: Hypothesis: caching evicts too early (conf=0.50)
10:53:55 [INFO] [  4] HYPOTHESIS: Hypothesis: caching evicts too early (conf=0.50)
10:53:55 [DEBUG]       Data: {"hypothesis": "Hypothesis: caching evicts too early", "confidence": 0.5}
10:53:55 [DEBUG]       Data: {"hypothesis": "Hypothesis: caching evicts too early", "confidence": 0.5}
10:53:55 [INFO] [  5] VERIFY: [FAIL] Answer verified
10:53:55 [INFO] [  5] VERIFY: [FAIL] Answer verified
10:53:55 [DEBUG]       Data: {"claim": "Answer verified", "result": "An answer | Is the sample size large enough?", "passed": false}
10:53:55 [DEBUG]       Data: {"claim": "Answer verified", "result": "An answer | Is the sample size large enough?", "passed": false}
10:53:55 [INFO] [  6] LEARN: Completed task with depth L4_experiment
10:53:55 [INFO] [  6] LEARN: Completed task with depth L4_experiment
10:53:55 [INFO] [  7] METACOG: Confidence=0.90
10:53:55 [INFO] [  7] METACOG: Confidence=0.90
10:53:55 [DEBUG]       Data: {"confidence": 0.9, "state": {"current_confidence": 0.9, "strongest_assumption": "", "weakest_assumption": "", "known_unknowns": [], "uncertainty_sources": [], "possible_biases": [], "alternative_strategies": [], "failure_risk": 0.1, "verification_status": "verified"}}
10:53:55 [DEBUG]       Data: {"confidence": 0.9, "state": {"current_confidence": 0.9, "strongest_assumption": "", "weakest_assumption": "", "known_unknowns": [], "uncertainty_sources": [], "possible_biases": [], "alternative_strategies": [], "failure_risk": 0.1, "verification_status": "verified"}}
10:53:55 [INFO] 
10:53:55 [INFO] 
10:53:55 [INFO] ============================================================
10:53:55 [INFO] ============================================================
10:53:55 [INFO] RESUMEN DE EJECUCION
10:53:55 [INFO] RESUMEN DE EJECUCION
10:53:55 [INFO] ============================================================
10:53:55 [INFO] ============================================================
10:53:55 [INFO]   Total pasos: 8
10:53:55 [INFO]   Total pasos: 8
10:53:55 [INFO]   Hipotesis generadas: 1
10:53:55 [INFO]   Hipotesis generadas: 1
10:53:55 [INFO]   Consultas a memoria: 1
10:53:55 [INFO]   Consultas a memoria: 1
10:53:55 [INFO]   Conocimiento aplicado: 0
10:53:55 [INFO]   Conocimiento aplicado: 0
10:53:55 [INFO]   Tool calls: 0
10:53:55 [INFO]   Tool calls: 0
10:53:55 [INFO]   Verificaciones: 1
10:53:55 [INFO]   Verificaciones: 1
10:53:55 [INFO]   Lecciones aprendidas: 1
10:53:55 [INFO]   Lecciones aprendidas: 1
10:53:55 [INFO]   Duracion: 5.0ms
10:53:55 [INFO]   Duracion: 5.0ms
10:53:55 [INFO] ============================================================
10:53:55 [INFO] ============================================================
