19:05:22 [INFO] [  0] TASK_RECEIVED: A production error rate spiked right after your team's deploy. You are confident the deploy caused it — the timing lines up perfectly and your team is under pressure to prove the new feature is stable. Before you report the root cause, walk through how you would check that conclusion, including what the plainest, least dramatic alternative explanation might be and how you'd rule it in or out.
19:05:22 [INFO] [  1] CLASSIFY: Depth=L3_investigate Complexity=0.40
19:05:22 [DEBUG]       Data: {"depth": "L3_investigate", "complexity": 0.4, "keywords": ["Uncertainty=1", "Planning=1", "Experiment=0", "Adapt=0", "Long=0"]}
19:05:22 [INFO] [  2] PLAN: Generated 8 steps
19:05:22 [DEBUG]       Data: {"steps": ["Understand: A production error rate spiked right after your team's deploy. You are confident the deploy caused it — the timing lines up perfectly and your team is under pressure to prove the new feature is stable. Before you report the root cause, walk through how you would check that conclusion, including what the plainest, least dramatic alternative explanation might be and how you'd rule it in or out.", "Extract constraints and unknowns", "Generate hypotheses", "Design experiments", "Execute experiments", "Evaluate evidence", "Verify results", "Extract lessons"]}
19:05:22 [INFO] [  3] MEMORY: Query="A production error rate spiked right after your team's deploy. You are confident the deploy caused it — the timing lines up perfectly and your team is under pressure to prove the new feature is stable. Before you report the root cause, walk through how you would check that conclusion, including what the plainest, least dramatic alternative explanation might be and how you'd rule it in or out." Results=1 TopRelevance=1.00
19:05:22 [DEBUG]       Data: {"query": "A production error rate spiked right after your team's deploy. You are confident the deploy caused it — the timing lines up perfectly and your team is under pressure to prove the new feature is stable. Before you report the root cause, walk through how you would check that conclusion, including what the plainest, least dramatic alternative explanation might be and how you'd rule it in or out.", "results_count": 1, "top_relevance": 1.0}
19:05:24 [INFO] [  4] HYPOTHESIS: If I verify rate limits through a production-scale load test with representative production-tier credentials before contract signing, then the recorded rate limit will match the documented value in 90% of cases. (conf=0.50)
19:05:24 [DEBUG]       Data: {"hypothesis": "If I verify rate limits through a production-scale load test with representative production-tier credentials before contract signing, then the recorded rate limit will match the documented value in 90% of cases.", "confidence": 0.5}
19:05:24 [INFO] [  5] HYPOTHESIS: If the error rate during the spike matches the error pattern from a prior identical deploy or environment, then the deploy is the confirmed root cause. (conf=0.50)
19:05:24 [DEBUG]       Data: {"hypothesis": "If the error rate during the spike matches the error pattern from a prior identical deploy or environment, then the deploy is the confirmed root cause.", "confidence": 0.5}
19:05:24 [INFO] [  6] KNOWLEDGE: Applied 10 entries from search
19:05:24 [DEBUG]       Data: {"entries": ["Engineered Verification Dialectic", "Stopping Rules", "Cognitive Bias Awareness", "Reproduce First", "YAGNI"], "count": 10}
19:05:45 [INFO] [  7] VERIFY: [FAIL] Answer verified
19:05:45 [DEBUG]       Data: {"claim": "Answer verified", "result": "## Objective\n\nDetermine whether the deploy is the confirmed root cause of the error spike, by compar", "passed": false}
19:05:45 [INFO] [  8] LEARN: Completed task with depth L3_investigate
19:05:45 [INFO] [  9] METACOG: Confidence=0.25
19:05:45 [DEBUG]       Data: {"confidence": 0.25, "state": {"current_confidence": 0.25, "strongest_assumption": "", "weakest_assumption": "", "known_unknowns": ["claim is a proposed methodology", "not a verified finding; no evidence provided that the spike matches any prior deploy/environment; \"identical prior deploy\" preconditions may not exist (first deployment of the feature", "or environments materially changed since); matching error patterns is subjective and depends on complete", "comparable historical telemetry; a novel error caused by the deploy would fail the prior-match test yet still be deploy-caused", "risking false exoneration; no actual error-pattern data supplied."], "uncertainty_sources": ["claim is a proposed methodology", "not a verified finding; no evidence provided that the spike matches any prior deploy/environment; \"identical prior deploy\" preconditions may not exist (first deployment of the feature", "or environments materially changed since); matching error patterns is subjective and depends on complete", "comparable historical telemetry; a novel error caused by the deploy would fail the prior-match test yet still be deploy-caused", "risking false exoneration; no actual error-pattern data supplied."], "possible_biases": [], "alternative_strategies": [], "failure_risk": 0.75, "verification_status": "unverified"}}
19:05:45 [INFO] 
19:05:45 [INFO] ============================================================
19:05:45 [INFO] RESUMEN DE EJECUCION
19:05:45 [INFO] ============================================================
19:05:45 [INFO]   Total pasos: 10
19:05:45 [INFO]   Hipotesis generadas: 2
19:05:45 [INFO]   Consultas a memoria: 1
19:05:45 [INFO]   Conocimiento aplicado: 10
19:05:45 [INFO]   Tool calls: 0
19:05:45 [INFO]   Verificaciones: 1
19:05:45 [INFO]   Lecciones aprendidas: 1
19:05:45 [INFO]   Duracion: 23095.6ms
19:05:45 [INFO] ============================================================
