18:56:02 [INFO] [  0] TASK_RECEIVED: You are negotiating API rate limits with three different third-party vendors, one after another, for the same integration. The first vendor gives you a rate limit that turns out to be far lower than documented once you hit it in practice, and support is slow to confirm the real number. Describe how you would approach the second and third vendor negotiations differently as a result of what happened with the first — be specific about what you'd verify up front and why, rather than just resolving to 'be more careful'.
18:56:02 [INFO] [  1] CLASSIFY: Depth=L3_investigate Complexity=0.40
18:56:02 [DEBUG]       Data: {"depth": "L3_investigate", "complexity": 0.4, "keywords": ["Uncertainty=2", "Planning=0", "Experiment=0", "Adapt=0", "Long=0"]}
18:56:02 [INFO] [  2] PLAN: Generated 8 steps
18:56:02 [DEBUG]       Data: {"steps": ["Understand: You are negotiating API rate limits with three different third-party vendors, one after another, for the same integration. The first vendor gives you a rate limit that turns out to be far lower than documented once you hit it in practice, and support is slow to confirm the real number. Describe how you would approach the second and third vendor negotiations differently as a result of what happened with the first — be specific about what you'd verify up front and why, rather than just resolving to 'be more careful'.", "Extract constraints and unknowns", "Generate hypotheses", "Design experiments", "Execute experiments", "Evaluate evidence", "Verify results", "Extract lessons"]}
18:56:02 [INFO] [  3] MEMORY: Query="You are negotiating API rate limits with three different third-party vendors, one after another, for the same integration. The first vendor gives you a rate limit that turns out to be far lower than documented once you hit it in practice, and support is slow to confirm the real number. Describe how you would approach the second and third vendor negotiations differently as a result of what happened with the first — be specific about what you'd verify up front and why, rather than just resolving to 'be more careful'." Results=0 TopRelevance=0.00
18:56:02 [DEBUG]       Data: {"query": "You are negotiating API rate limits with three different third-party vendors, one after another, for the same integration. The first vendor gives you a rate limit that turns out to be far lower than documented once you hit it in practice, and support is slow to confirm the real number. Describe how you would approach the second and third vendor negotiations differently as a result of what happened with the first — be specific about what you'd verify up front and why, rather than just resolving to 'be more careful'.", "results_count": 0, "top_relevance": 0}
18:56:10 [INFO] [  4] HYPOTHESIS: Requiring vendors 2 and 3 to provide written SLA clarification of sustained versus burst limits and a pre-contract load test at documented throughput will limit the documented-to-enforced rate limit gap to <5%, compared with >20% when relying on documentation alone as with vendor 1. (conf=0.50)
18:56:10 [DEBUG]       Data: {"hypothesis": "Requiring vendors 2 and 3 to provide written SLA clarification of sustained versus burst limits and a pre-contract load test at documented throughput will limit the documented-to-enforced rate limit gap to <5%, compared with >20% when relying on documentation alone as with vendor 1.", "confidence": 0.5}
18:56:10 [INFO] [  5] KNOWLEDGE: Applied 10 entries from search
18:56:10 [DEBUG]       Data: {"entries": ["Picaresque Iterative Adaptation", "Quixotic-Pragmatic Verification Dialectic", "Iterative Planning", "Cognitive Bias Awareness", "Reproduce First"], "count": 10}
18:57:06 [INFO] [  6] VERIFY: [FAIL] Answer verified
18:57:06 [DEBUG]       Data: {"claim": "Answer verified", "result": "**Objective:** Prevent Vendor 1 repeat - documented >> enforced limit + slow support clarification -", "passed": false}
18:57:06 [INFO] [  7] LEARN: Completed task with depth L3_investigate
18:57:06 [INFO] [  8] METACOG: Confidence=0.10
18:57:06 [DEBUG]       Data: {"confidence": 0.1, "state": {"current_confidence": 0.1, "strongest_assumption": "", "weakest_assumption": "", "known_unknowns": ["no evidence provided", "quantitative gap claim (<5% vs >20%) lacks load-test or SLA artifacts", "staging-to-production parity assumed", "literary framing (picaresque/quixotic) adds no empirical validation", "header enforcement and stopping rule effectiveness untested"], "uncertainty_sources": ["no evidence provided", "quantitative gap claim (<5% vs >20%) lacks load-test or SLA artifacts", "staging-to-production parity assumed", "literary framing (picaresque/quixotic) adds no empirical validation", "header enforcement and stopping rule effectiveness untested"], "possible_biases": [], "alternative_strategies": [], "failure_risk": 0.9, "verification_status": "unverified"}}
18:57:06 [INFO] 
18:57:06 [INFO] ============================================================
18:57:06 [INFO] RESUMEN DE EJECUCION
18:57:06 [INFO] ============================================================
18:57:06 [INFO]   Total pasos: 9
18:57:06 [INFO]   Hipotesis generadas: 1
18:57:06 [INFO]   Consultas a memoria: 1
18:57:06 [INFO]   Conocimiento aplicado: 10
18:57:06 [INFO]   Tool calls: 0
18:57:06 [INFO]   Verificaciones: 1
18:57:06 [INFO]   Lecciones aprendidas: 1
18:57:06 [INFO]   Duracion: 63852.4ms
18:57:06 [INFO] ============================================================
