19:00:14 [INFO] [  0] TASK_RECEIVED: You are negotiating API rate limits with three different third-party vendors, one after another, for the same integration. The first vendor gives you a rate limit that turns out to be far lower than documented once you hit it in practice, and support is slow to confirm the real number. Describe how you would approach the second and third vendor negotiations differently as a result of what happened with the first — be specific about what you'd verify up front and why, rather than just resolving to 'be more careful'.
19:00:14 [INFO] [  1] CLASSIFY: Depth=L3_investigate Complexity=0.40
19:00:14 [DEBUG]       Data: {"depth": "L3_investigate", "complexity": 0.4, "keywords": ["Uncertainty=2", "Planning=0", "Experiment=0", "Adapt=0", "Long=0"]}
19:00:14 [INFO] [  2] PLAN: Generated 8 steps
19:00:14 [DEBUG]       Data: {"steps": ["Understand: You are negotiating API rate limits with three different third-party vendors, one after another, for the same integration. The first vendor gives you a rate limit that turns out to be far lower than documented once you hit it in practice, and support is slow to confirm the real number. Describe how you would approach the second and third vendor negotiations differently as a result of what happened with the first — be specific about what you'd verify up front and why, rather than just resolving to 'be more careful'.", "Extract constraints and unknowns", "Generate hypotheses", "Design experiments", "Execute experiments", "Evaluate evidence", "Verify results", "Extract lessons"]}
19:00:14 [INFO] [  3] MEMORY: Query="You are negotiating API rate limits with three different third-party vendors, one after another, for the same integration. The first vendor gives you a rate limit that turns out to be far lower than documented once you hit it in practice, and support is slow to confirm the real number. Describe how you would approach the second and third vendor negotiations differently as a result of what happened with the first — be specific about what you'd verify up front and why, rather than just resolving to 'be more careful'." Results=0 TopRelevance=0.00
19:00:14 [DEBUG]       Data: {"query": "You are negotiating API rate limits with three different third-party vendors, one after another, for the same integration. The first vendor gives you a rate limit that turns out to be far lower than documented once you hit it in practice, and support is slow to confirm the real number. Describe how you would approach the second and third vendor negotiations differently as a result of what happened with the first — be specific about what you'd verify up front and why, rather than just resolving to 'be more careful'.", "results_count": 0, "top_relevance": 0}
19:00:17 [INFO] [  4] HYPOTHESIS: If I obtain trial credentials and stress-test the API at documented limits before signing, then the binding rate limit will match the documented number in 90% of cases. (conf=0.50)
19:00:17 [DEBUG]       Data: {"hypothesis": "If I obtain trial credentials and stress-test the API at documented limits before signing, then the binding rate limit will match the documented number in 90% of cases.", "confidence": 0.5}
19:00:17 [INFO] [  5] KNOWLEDGE: Applied 10 entries from search
19:00:17 [DEBUG]       Data: {"entries": ["Iterative Planning", "Cognitive Bias Awareness", "Reproduce First", "Stopping Rules", "YAGNI"], "count": 10}
19:01:03 [INFO] [  6] VERIFY: [FAIL] Answer verified
19:01:03 [DEBUG]       Data: {"claim": "Answer verified", "result": "## Objective\n\nVerify the binding rate limit of vendors 2 and 3 before signing, using empirical measu", "passed": false}
19:01:03 [INFO] [  7] LEARN: Completed task with depth L3_investigate
19:01:03 [INFO] [  8] METACOG: Confidence=0.20
19:01:03 [DEBUG]       Data: {"confidence": 0.2, "state": {"current_confidence": 0.2, "strongest_assumption": "", "weakest_assumption": "", "known_unknowns": ["no evidence provided; the 90% figure is an unsupported assertion; trial credentials may carry different limits than production keys", "invalidating the measurement; the stress test may not capture burst vs sustained rate-limit semantics; \"measured limit stable\" is undefined and unvalidated; vendors may not grant trial access before contract; written statements may merely restate the same inaccurate documentation; no actual test results supplied"], "uncertainty_sources": ["no evidence provided; the 90% figure is an unsupported assertion; trial credentials may carry different limits than production keys", "invalidating the measurement; the stress test may not capture burst vs sustained rate-limit semantics; \"measured limit stable\" is undefined and unvalidated; vendors may not grant trial access before contract; written statements may merely restate the same inaccurate documentation; no actual test results supplied"], "possible_biases": [], "alternative_strategies": [], "failure_risk": 0.8, "verification_status": "unverified"}}
19:01:03 [INFO] 
19:01:03 [INFO] ============================================================
19:01:03 [INFO] RESUMEN DE EJECUCION
19:01:03 [INFO] ============================================================
19:01:03 [INFO]   Total pasos: 9
19:01:03 [INFO]   Hipotesis generadas: 1
19:01:03 [INFO]   Consultas a memoria: 1
19:01:03 [INFO]   Conocimiento aplicado: 10
19:01:03 [INFO]   Tool calls: 0
19:01:03 [INFO]   Verificaciones: 1
19:01:03 [INFO]   Lecciones aprendidas: 1
19:01:03 [INFO]   Duracion: 49168.1ms
19:01:03 [INFO] ============================================================
