18:10:18 [INFO] [  0] TASK_RECEIVED: You are negotiating API rate limits with three different third-party vendors, one after another, for the same integration. The first vendor gives you a rate limit that turns out to be far lower than documented once you hit it in practice, and support is slow to confirm the real number. Describe how you would approach the second and third vendor negotiations differently as a result of what happened with the first — be specific about what you'd verify up front and why, rather than just resolving to 'be more careful'.
18:10:18 [INFO] [  1] CLASSIFY: Depth=L3_investigate Complexity=0.40
18:10:18 [DEBUG]       Data: {"depth": "L3_investigate", "complexity": 0.4, "keywords": ["Uncertainty=2", "Planning=0", "Experiment=0", "Adapt=0", "Long=0"]}
18:10:18 [INFO] [  2] PLAN: Generated 8 steps
18:10:18 [DEBUG]       Data: {"steps": ["Understand: You are negotiating API rate limits with three different third-party vendors, one after another, for the same integration. The first vendor gives you a rate limit that turns out to be far lower than documented once you hit it in practice, and support is slow to confirm the real number. Describe how you would approach the second and third vendor negotiations differently as a result of what happened with the first — be specific about what you'd verify up front and why, rather than just resolving to 'be more careful'.", "Extract constraints and unknowns", "Generate hypotheses", "Design experiments", "Execute experiments", "Evaluate evidence", "Verify results", "Extract lessons"]}
18:10:18 [INFO] [  3] MEMORY: Query="You are negotiating API rate limits with three different third-party vendors, one after another, for the same integration. The first vendor gives you a rate limit that turns out to be far lower than documented once you hit it in practice, and support is slow to confirm the real number. Describe how you would approach the second and third vendor negotiations differently as a result of what happened with the first — be specific about what you'd verify up front and why, rather than just resolving to 'be more careful'." Results=0 TopRelevance=0.00
18:10:18 [DEBUG]       Data: {"query": "You are negotiating API rate limits with three different third-party vendors, one after another, for the same integration. The first vendor gives you a rate limit that turns out to be far lower than documented once you hit it in practice, and support is slow to confirm the real number. Describe how you would approach the second and third vendor negotiations differently as a result of what happened with the first — be specific about what you'd verify up front and why, rather than just resolving to 'be more careful'.", "results_count": 0, "top_relevance": 0}
18:10:35 [INFO] [  4] HYPOTHESIS: {"info": {"parentID": "msg_068090c30001LQKNUg3JmaVsOA", "role": "assistant", "mode": "build", "agent": "build", "path": {"cwd": "C:\\Users\\unknown\\Desktop\\shrewbrain", "root": "/"}, "cost": 0, "tokens": {"total": 42531, "input": 42492, "output": 39, "reasoning": 0, "cache": {"write": 0, "read": 0}}, "modelID": "big-pickle", "providerID": "opencode", "time": {"created": 1788451818556, "completed": 1788451835218}, "finish": "stop", "id": "msg_068090c3c001UxxytksvOCpnv4", "sessionID": "ses_fa171f54fffey4ag9ll8OcnfQz"}, "parts": [{"type": "step-start", "id": "prt_06809487c0013oTpP0w56m6Eq1", "sessionID": "ses_fa171f54fffey4ag9ll8OcnfQz", "messageID": "msg_068090c3c001UxxytksvOCpnv4"}, {"type": "text", "text": "If I independently stress-test the API at documented limits (rather than relying on documentation or support), then I will uncover discrepancies in 90% of cases before the limits become binding in production.", "time": {"start": 1788451834645, "end": 1788451835210}, "id": "prt_068094b15001AaiRuuFIh9Zywo", "sessionID": "ses_fa171f54fffey4ag9ll8OcnfQz", "messageID": "msg_068090c3c001UxxytksvOCpnv4"}, {"reason": "stop", "type": "step-finish", "tokens": {"total": 42531, "input": 42492, "output": 39, "reasoning": 0, "cache": {"write": 0, "read": 0}}, "cost": 0, "id": "prt_068094d4d001g8fkJWgq8gwq3m", "sessionID": "ses_fa171f54fffey4ag9ll8OcnfQz", "messageID": "msg_068090c3c001UxxytksvOCpnv4"}]} (conf=0.50)
18:10:35 [DEBUG]       Data: {"hypothesis": "{\"info\": {\"parentID\": \"msg_068090c30001LQKNUg3JmaVsOA\", \"role\": \"assistant\", \"mode\": \"build\", \"agent\": \"build\", \"path\": {\"cwd\": \"C:\\\\Users\\\\unknown\\\\Desktop\\\\shrewbrain\", \"root\": \"/\"}, \"cost\": 0, \"tokens\": {\"total\": 42531, \"input\": 42492, \"output\": 39, \"reasoning\": 0, \"cache\": {\"write\": 0, \"read\": 0}}, \"modelID\": \"big-pickle\", \"providerID\": \"opencode\", \"time\": {\"created\": 1788451818556, \"completed\": 1788451835218}, \"finish\": \"stop\", \"id\": \"msg_068090c3c001UxxytksvOCpnv4\", \"sessionID\": \"ses_fa171f54fffey4ag9ll8OcnfQz\"}, \"parts\": [{\"type\": \"step-start\", \"id\": \"prt_06809487c0013oTpP0w56m6Eq1\", \"sessionID\": \"ses_fa171f54fffey4ag9ll8OcnfQz\", \"messageID\": \"msg_068090c3c001UxxytksvOCpnv4\"}, {\"type\": \"text\", \"text\": \"If I independently stress-test the API at documented limits (rather than relying on documentation or support), then I will uncover discrepancies in 90% of cases before the limits become binding in production.\", \"time\": {\"start\": 1788451834645, \"end\": 1788451835210}, \"id\": \"prt_068094b15001AaiRuuFIh9Zywo\", \"sessionID\": \"ses_fa171f54fffey4ag9ll8OcnfQz\", \"messageID\": \"msg_068090c3c001UxxytksvOCpnv4\"}, {\"reason\": \"stop\", \"type\": \"step-finish\", \"tokens\": {\"total\": 42531, \"input\": 42492, \"output\": 39, \"reasoning\": 0, \"cache\": {\"write\": 0, \"read\": 0}}, \"cost\": 0, \"id\": \"prt_068094d4d001g8fkJWgq8gwq3m\", \"sessionID\": \"ses_fa171f54fffey4ag9ll8OcnfQz\", \"messageID\": \"msg_068090c3c001UxxytksvOCpnv4\"}]}", "confidence": 0.5}
18:10:35 [INFO] [  5] KNOWLEDGE: Applied 10 entries from search
18:10:35 [DEBUG]       Data: {"entries": ["Picaresque Iterative Adaptation", "Quixotic-Pragmatic Verification Dialectic", "Iterative Planning", "Cognitive Bias Awareness", "Reproduce First"], "count": 10}
18:11:03 [INFO] [  6] VERIFY: [FAIL] Answer verified
18:11:03 [DEBUG]       Data: {"claim": "Answer verified", "result": "{\"info\": {\"parentID\": \"msg_068094d78001CEQDPViOgEvKdK\", \"role\": \"assistant\", \"mode\": \"build\", \"agent", "passed": false}
18:11:03 [INFO] [  7] LEARN: Completed task with depth L3_investigate
18:11:03 [INFO] [  8] METACOG: Confidence=0.50
18:11:03 [DEBUG]       Data: {"confidence": 0.5, "state": {"current_confidence": 0.5, "strongest_assumption": "", "weakest_assumption": "", "known_unknowns": [], "uncertainty_sources": [], "possible_biases": [], "alternative_strategies": [], "failure_risk": 0.5, "verification_status": "unverified"}}
18:11:03 [INFO] 
18:11:03 [INFO] ============================================================
18:11:03 [INFO] RESUMEN DE EJECUCION
18:11:03 [INFO] ============================================================
18:11:03 [INFO]   Total pasos: 9
18:11:03 [INFO]   Hipotesis generadas: 1
18:11:03 [INFO]   Consultas a memoria: 1
18:11:03 [INFO]   Conocimiento aplicado: 10
18:11:03 [INFO]   Tool calls: 0
18:11:03 [INFO]   Verificaciones: 1
18:11:03 [INFO]   Lecciones aprendidas: 1
18:11:03 [INFO]   Duracion: 44718.2ms
18:11:03 [INFO] ============================================================
