18:59:23 [INFO] [  0] TASK_RECEIVED: A production error rate spiked right after your team's deploy. You are confident the deploy caused it — the timing lines up perfectly and your team is under pressure to prove the new feature is stable. Before you report the root cause, walk through how you would check that conclusion, including what the plainest, least dramatic alternative explanation might be and how you'd rule it in or out.
18:59:23 [INFO] [  1] CLASSIFY: Depth=L3_investigate Complexity=0.40
18:59:23 [DEBUG]       Data: {"depth": "L3_investigate", "complexity": 0.4, "keywords": ["Uncertainty=1", "Planning=1", "Experiment=0", "Adapt=0", "Long=0"]}
18:59:23 [INFO] [  2] PLAN: Generated 8 steps
18:59:23 [DEBUG]       Data: {"steps": ["Understand: A production error rate spiked right after your team's deploy. You are confident the deploy caused it — the timing lines up perfectly and your team is under pressure to prove the new feature is stable. Before you report the root cause, walk through how you would check that conclusion, including what the plainest, least dramatic alternative explanation might be and how you'd rule it in or out.", "Extract constraints and unknowns", "Generate hypotheses", "Design experiments", "Execute experiments", "Evaluate evidence", "Verify results", "Extract lessons"]}
18:59:23 [INFO] [  3] MEMORY: Query="A production error rate spiked right after your team's deploy. You are confident the deploy caused it — the timing lines up perfectly and your team is under pressure to prove the new feature is stable. Before you report the root cause, walk through how you would check that conclusion, including what the plainest, least dramatic alternative explanation might be and how you'd rule it in or out." Results=1 TopRelevance=1.00
18:59:23 [DEBUG]       Data: {"query": "A production error rate spiked right after your team's deploy. You are confident the deploy caused it — the timing lines up perfectly and your team is under pressure to prove the new feature is stable. Before you report the root cause, walk through how you would check that conclusion, including what the plainest, least dramatic alternative explanation might be and how you'd rule it in or out.", "results_count": 1, "top_relevance": 1.0}
18:59:32 [INFO] [  4] HYPOTHESIS: Requiring vendors 2 and 3 to provide written SLA clarification of sustained versus burst limits and a pre-contract load test at documented throughput will limit the documented-to-enforced rate limit gap to <5%, compared with >20% when relying on documentation alone as with vendor 1. (conf=0.50)
18:59:32 [DEBUG]       Data: {"hypothesis": "Requiring vendors 2 and 3 to provide written SLA clarification of sustained versus burst limits and a pre-contract load test at documented throughput will limit the documented-to-enforced rate limit gap to <5%, compared with >20% when relying on documentation alone as with vendor 1.", "confidence": 0.5}
18:59:32 [INFO] [  5] HYPOTHESIS: If the deploy caused the spike, then isolating canary hosts and rolling back or disabling the feature flag under identical traffic will restore error rates to the pre-deploy baseline within 10 minutes, whereas persistence across both versions would support the plainest alternative of a coincidental downstream or infrastructure transient unrelated to the deploy. (conf=0.50)
18:59:32 [DEBUG]       Data: {"hypothesis": "If the deploy caused the spike, then isolating canary hosts and rolling back or disabling the feature flag under identical traffic will restore error rates to the pre-deploy baseline within 10 minutes, whereas persistence across both versions would support the plainest alternative of a coincidental downstream or infrastructure transient unrelated to the deploy.", "confidence": 0.5}
18:59:32 [INFO] [  6] KNOWLEDGE: Applied 10 entries from search
18:59:32 [DEBUG]       Data: {"entries": ["Engineered Verification Dialectic", "Stopping Rules", "Cognitive Bias Awareness", "Reproduce First", "YAGNI"], "count": 10}
19:00:02 [INFO] [  7] VERIFY: [FAIL] Answer verified
19:00:02 [DEBUG]       Data: {"claim": "Answer verified", "result": "**Objective:** Avoid false attribution of spike to deploy under confirmation pressure - calibrate ve", "passed": false}
19:00:02 [INFO] [  8] LEARN: Completed task with depth L3_investigate
19:00:02 [INFO] [  9] METACOG: Confidence=0.15
19:00:02 [DEBUG]       Data: {"confidence": 0.15, "state": {"current_confidence": 0.15, "strongest_assumption": "", "weakest_assumption": "", "known_unknowns": ["no evidence provided", "causality hypothesis not tested with canary split or rollback data", "engineered framing adds no empirical validation", "shared mutable state and downstream correlation not demonstrated", "5 unknowns remain unaddressed", "stopping-rule thresholds and confidence updates lack validation"], "uncertainty_sources": ["no evidence provided", "causality hypothesis not tested with canary split or rollback data", "engineered framing adds no empirical validation", "shared mutable state and downstream correlation not demonstrated", "5 unknowns remain unaddressed", "stopping-rule thresholds and confidence updates lack validation"], "possible_biases": [], "alternative_strategies": [], "failure_risk": 0.85, "verification_status": "unverified"}}
19:00:02 [INFO] 
19:00:02 [INFO] ============================================================
19:00:02 [INFO] RESUMEN DE EJECUCION
19:00:02 [INFO] ============================================================
19:00:02 [INFO]   Total pasos: 10
19:00:02 [INFO]   Hipotesis generadas: 2
19:00:02 [INFO]   Consultas a memoria: 1
19:00:02 [INFO]   Conocimiento aplicado: 10
19:00:02 [INFO]   Tool calls: 0
19:00:02 [INFO]   Verificaciones: 1
19:00:02 [INFO]   Lecciones aprendidas: 1
19:00:02 [INFO]   Duracion: 38798.0ms
19:00:02 [INFO] ============================================================
