19:02:00 [INFO] [  0] TASK_RECEIVED: You are negotiating API rate limits with three different third-party vendors, one after another, for the same integration. The first vendor gives you a rate limit that turns out to be far lower than documented once you hit it in practice, and support is slow to confirm the real number. Describe how you would approach the second and third vendor negotiations differently as a result of what happened with the first — be specific about what you'd verify up front and why, rather than just resolving to 'be more careful'.
19:02:00 [INFO] [  1] CLASSIFY: Depth=L3_investigate Complexity=0.40
19:02:00 [DEBUG]       Data: {"depth": "L3_investigate", "complexity": 0.4, "keywords": ["Uncertainty=2", "Planning=0", "Experiment=0", "Adapt=0", "Long=0"]}
19:02:00 [INFO] [  2] PLAN: Generated 8 steps
19:02:00 [DEBUG]       Data: {"steps": ["Understand: You are negotiating API rate limits with three different third-party vendors, one after another, for the same integration. The first vendor gives you a rate limit that turns out to be far lower than documented once you hit it in practice, and support is slow to confirm the real number. Describe how you would approach the second and third vendor negotiations differently as a result of what happened with the first — be specific about what you'd verify up front and why, rather than just resolving to 'be more careful'.", "Extract constraints and unknowns", "Generate hypotheses", "Design experiments", "Execute experiments", "Evaluate evidence", "Verify results", "Extract lessons"]}
19:02:00 [INFO] [  3] MEMORY: Query="You are negotiating API rate limits with three different third-party vendors, one after another, for the same integration. The first vendor gives you a rate limit that turns out to be far lower than documented once you hit it in practice, and support is slow to confirm the real number. Describe how you would approach the second and third vendor negotiations differently as a result of what happened with the first — be specific about what you'd verify up front and why, rather than just resolving to 'be more careful'." Results=0 TopRelevance=0.00
19:02:00 [DEBUG]       Data: {"query": "You are negotiating API rate limits with three different third-party vendors, one after another, for the same integration. The first vendor gives you a rate limit that turns out to be far lower than documented once you hit it in practice, and support is slow to confirm the real number. Describe how you would approach the second and third vendor negotiations differently as a result of what happened with the first — be specific about what you'd verify up front and why, rather than just resolving to 'be more careful'.", "results_count": 0, "top_relevance": 0}
19:02:03 [INFO] [  4] HYPOTHESIS: If I obtain production-tier trial credentials and run a stress test at documented limits for 48 hours before contract signature, then the binding rate limit will match the documented number in 90% of cases. (conf=0.50)
19:02:03 [DEBUG]       Data: {"hypothesis": "If I obtain production-tier trial credentials and run a stress test at documented limits for 48 hours before contract signature, then the binding rate limit will match the documented number in 90% of cases.", "confidence": 0.5}
19:02:03 [INFO] [  5] KNOWLEDGE: Applied 10 entries from search
19:02:03 [DEBUG]       Data: {"entries": ["Picaresque Iterative Adaptation", "Quixotic-Pragmatic Verification Dialectic", "Iterative Planning", "Cognitive Bias Awareness", "Reproduce First"], "count": 10}
19:02:30 [INFO] [  6] VERIFY: [FAIL] Answer verified
19:02:30 [DEBUG]       Data: {"claim": "Answer verified", "result": "## Objective\n\nVerify the binding rate limit of vendors 2 and 3 before signing by testing under condi", "passed": false}
19:02:30 [INFO] [  7] LEARN: Completed task with depth L3_investigate
19:02:30 [INFO] [  8] METACOG: Confidence=0.20
19:02:30 [DEBUG]       Data: {"confidence": 0.2, "state": {"current_confidence": 0.2, "strongest_assumption": "", "weakest_assumption": "", "known_unknowns": ["no evidence provided; the 90% figure is an unsupported assertion; vendors may refuse production-tier trial credentials or charge for them; limits may be dynamic/load-based within 48h rather than static; the post-conversion limit may differ from the trial tier regardless of credentials; 48h may miss time-windowed quota semantics (e.g.", "daily costs); \"measured limit stable\" is undefined; no actual test results supplied"], "uncertainty_sources": ["no evidence provided; the 90% figure is an unsupported assertion; vendors may refuse production-tier trial credentials or charge for them; limits may be dynamic/load-based within 48h rather than static; the post-conversion limit may differ from the trial tier regardless of credentials; 48h may miss time-windowed quota semantics (e.g.", "daily costs); \"measured limit stable\" is undefined; no actual test results supplied"], "possible_biases": [], "alternative_strategies": [], "failure_risk": 0.8, "verification_status": "unverified"}}
19:02:30 [INFO] 
19:02:30 [INFO] ============================================================
19:02:30 [INFO] RESUMEN DE EJECUCION
19:02:30 [INFO] ============================================================
19:02:30 [INFO]   Total pasos: 9
19:02:30 [INFO]   Hipotesis generadas: 1
19:02:30 [INFO]   Consultas a memoria: 1
19:02:30 [INFO]   Conocimiento aplicado: 10
19:02:30 [INFO]   Tool calls: 0
19:02:30 [INFO]   Verificaciones: 1
19:02:30 [INFO]   Lecciones aprendidas: 1
19:02:30 [INFO]   Duracion: 29911.6ms
19:02:30 [INFO] ============================================================
