17:07:24 [INFO] [  0] TASK_RECEIVED: You are negotiating API rate limits with three different third-party vendors, one after another, for the same integration. The first vendor gives you a rate limit that turns out to be far lower than documented once you hit it in practice, and support is slow to confirm the real number. Describe how you would approach the second and third vendor negotiations differently as a result of what happened with the first.
17:07:24 [INFO] [  1] CLASSIFY: Depth=L3_investigate Complexity=0.20
17:07:24 [DEBUG]       Data: {"depth": "L3_investigate", "complexity": 0.2, "keywords": ["Uncertainty=1", "Planning=0", "Experiment=0", "Adapt=0", "Long=0"]}
17:07:24 [INFO] [  2] PLAN: Generated 8 steps
17:07:24 [DEBUG]       Data: {"steps": ["Understand: You are negotiating API rate limits with three different third-party vendors, one after another, for the same integration. The first vendor gives you a rate limit that turns out to be far lower than documented once you hit it in practice, and support is slow to confirm the real number. Describe how you would approach the second and third vendor negotiations differently as a result of what happened with the first.", "Extract constraints and unknowns", "Generate hypotheses", "Design experiments", "Execute experiments", "Evaluate evidence", "Verify results", "Extract lessons"]}
17:07:24 [INFO] [  3] MEMORY: Query="You are negotiating API rate limits with three different third-party vendors, one after another, for the same integration. The first vendor gives you a rate limit that turns out to be far lower than documented once you hit it in practice, and support is slow to confirm the real number. Describe how you would approach the second and third vendor negotiations differently as a result of what happened with the first." Results=0 TopRelevance=0.00
17:07:24 [DEBUG]       Data: {"query": "You are negotiating API rate limits with three different third-party vendors, one after another, for the same integration. The first vendor gives you a rate limit that turns out to be far lower than documented once you hit it in practice, and support is slow to confirm the real number. Describe how you would approach the second and third vendor negotiations differently as a result of what happened with the first.", "results_count": 0, "top_relevance": 0}
17:07:24 [INFO] [  4] HYPOTHESIS: {'name': 'UnknownError', 'data': {'message': 'Unexpected server error. Check server logs for details.', 'ref': 'err_64ce5ffd'}} (conf=0.50)
17:07:24 [DEBUG]       Data: {"hypothesis": "{'name': 'UnknownError', 'data': {'message': 'Unexpected server error. Check server logs for details.', 'ref': 'err_64ce5ffd'}}", "confidence": 0.5}
17:07:24 [INFO] [  5] LEARN: Completed task with depth L3_investigate
17:07:24 [INFO] [  6] METACOG: Confidence=0.50
17:07:24 [DEBUG]       Data: {"confidence": 0.5, "state": {"current_confidence": 0.5, "strongest_assumption": "", "weakest_assumption": "", "known_unknowns": [], "uncertainty_sources": [], "possible_biases": [], "alternative_strategies": [], "failure_risk": 0.5, "verification_status": ""}}
17:07:24 [INFO] 
17:07:24 [INFO] ============================================================
17:07:24 [INFO] RESUMEN DE EJECUCION
17:07:24 [INFO] ============================================================
17:07:24 [INFO]   Total pasos: 7
17:07:24 [INFO]   Hipotesis generadas: 1
17:07:24 [INFO]   Consultas a memoria: 1
17:07:24 [INFO]   Conocimiento aplicado: 0
17:07:24 [INFO]   Tool calls: 0
17:07:24 [INFO]   Verificaciones: 0
17:07:24 [INFO]   Lecciones aprendidas: 1
17:07:24 [INFO]   Duracion: 102.9ms
17:07:24 [INFO] ============================================================
17:07:24 [INFO] [  0] TASK_RECEIVED: A production error rate spiked right after your team's deploy. You are confident the deploy caused it — the timing lines up perfectly and your team is under pressure to prove the new feature is stable. Before you report the root cause, walk through how you would check that conclusion, including what the plainest, least dramatic alternative explanation might be.
17:07:24 [INFO] [  0] TASK_RECEIVED: A production error rate spiked right after your team's deploy. You are confident the deploy caused it — the timing lines up perfectly and your team is under pressure to prove the new feature is stable. Before you report the root cause, walk through how you would check that conclusion, including what the plainest, least dramatic alternative explanation might be.
17:07:24 [INFO] [  1] CLASSIFY: Depth=L3_investigate Complexity=0.40
17:07:24 [INFO] [  1] CLASSIFY: Depth=L3_investigate Complexity=0.40
17:07:24 [DEBUG]       Data: {"depth": "L3_investigate", "complexity": 0.4, "keywords": ["Uncertainty=1", "Planning=1", "Experiment=0", "Adapt=0", "Long=0"]}
17:07:24 [DEBUG]       Data: {"depth": "L3_investigate", "complexity": 0.4, "keywords": ["Uncertainty=1", "Planning=1", "Experiment=0", "Adapt=0", "Long=0"]}
17:07:24 [INFO] [  2] PLAN: Generated 8 steps
17:07:24 [INFO] [  2] PLAN: Generated 8 steps
17:07:24 [DEBUG]       Data: {"steps": ["Understand: A production error rate spiked right after your team's deploy. You are confident the deploy caused it — the timing lines up perfectly and your team is under pressure to prove the new feature is stable. Before you report the root cause, walk through how you would check that conclusion, including what the plainest, least dramatic alternative explanation might be.", "Extract constraints and unknowns", "Generate hypotheses", "Design experiments", "Execute experiments", "Evaluate evidence", "Verify results", "Extract lessons"]}
17:07:24 [DEBUG]       Data: {"steps": ["Understand: A production error rate spiked right after your team's deploy. You are confident the deploy caused it — the timing lines up perfectly and your team is under pressure to prove the new feature is stable. Before you report the root cause, walk through how you would check that conclusion, including what the plainest, least dramatic alternative explanation might be.", "Extract constraints and unknowns", "Generate hypotheses", "Design experiments", "Execute experiments", "Evaluate evidence", "Verify results", "Extract lessons"]}
17:07:24 [INFO] [  3] MEMORY: Query="A production error rate spiked right after your team's deploy. You are confident the deploy caused it — the timing lines up perfectly and your team is under pressure to prove the new feature is stable. Before you report the root cause, walk through how you would check that conclusion, including what the plainest, least dramatic alternative explanation might be." Results=0 TopRelevance=0.00
17:07:24 [INFO] [  3] MEMORY: Query="A production error rate spiked right after your team's deploy. You are confident the deploy caused it — the timing lines up perfectly and your team is under pressure to prove the new feature is stable. Before you report the root cause, walk through how you would check that conclusion, including what the plainest, least dramatic alternative explanation might be." Results=0 TopRelevance=0.00
17:07:24 [DEBUG]       Data: {"query": "A production error rate spiked right after your team's deploy. You are confident the deploy caused it — the timing lines up perfectly and your team is under pressure to prove the new feature is stable. Before you report the root cause, walk through how you would check that conclusion, including what the plainest, least dramatic alternative explanation might be.", "results_count": 0, "top_relevance": 0}
17:07:24 [DEBUG]       Data: {"query": "A production error rate spiked right after your team's deploy. You are confident the deploy caused it — the timing lines up perfectly and your team is under pressure to prove the new feature is stable. Before you report the root cause, walk through how you would check that conclusion, including what the plainest, least dramatic alternative explanation might be.", "results_count": 0, "top_relevance": 0}
17:07:24 [INFO] [  4] HYPOTHESIS: {'name': 'UnknownError', 'data': {'message': 'Unexpected server error. Check server logs for details.', 'ref': 'err_be358d18'}} (conf=0.50)
17:07:24 [INFO] [  4] HYPOTHESIS: {'name': 'UnknownError', 'data': {'message': 'Unexpected server error. Check server logs for details.', 'ref': 'err_be358d18'}} (conf=0.50)
17:07:24 [DEBUG]       Data: {"hypothesis": "{'name': 'UnknownError', 'data': {'message': 'Unexpected server error. Check server logs for details.', 'ref': 'err_be358d18'}}", "confidence": 0.5}
17:07:24 [DEBUG]       Data: {"hypothesis": "{'name': 'UnknownError', 'data': {'message': 'Unexpected server error. Check server logs for details.', 'ref': 'err_be358d18'}}", "confidence": 0.5}
17:07:24 [INFO] [  5] VERIFY: [FAIL] Answer verified
17:07:24 [INFO] [  5] VERIFY: [FAIL] Answer verified
17:07:24 [DEBUG]       Data: {"claim": "Answer verified", "result": "{'name': 'UnknownError', 'data': {'message': 'Unexpected server error. Check server logs for details", "passed": false}
17:07:24 [DEBUG]       Data: {"claim": "Answer verified", "result": "{'name': 'UnknownError', 'data': {'message': 'Unexpected server error. Check server logs for details", "passed": false}
17:07:24 [INFO] [  6] LEARN: Completed task with depth L3_investigate
17:07:24 [INFO] [  6] LEARN: Completed task with depth L3_investigate
17:07:24 [INFO] [  7] METACOG: Confidence=0.50
17:07:24 [INFO] [  7] METACOG: Confidence=0.50
17:07:24 [DEBUG]       Data: {"confidence": 0.5, "state": {"current_confidence": 0.5, "strongest_assumption": "", "weakest_assumption": "", "known_unknowns": [], "uncertainty_sources": [], "possible_biases": [], "alternative_strategies": [], "failure_risk": 0.5, "verification_status": "unverified"}}
17:07:24 [DEBUG]       Data: {"confidence": 0.5, "state": {"current_confidence": 0.5, "strongest_assumption": "", "weakest_assumption": "", "known_unknowns": [], "uncertainty_sources": [], "possible_biases": [], "alternative_strategies": [], "failure_risk": 0.5, "verification_status": "unverified"}}
17:07:24 [INFO] 
17:07:24 [INFO] 
17:07:24 [INFO] ============================================================
17:07:24 [INFO] ============================================================
17:07:24 [INFO] RESUMEN DE EJECUCION
17:07:24 [INFO] RESUMEN DE EJECUCION
17:07:24 [INFO] ============================================================
17:07:24 [INFO] ============================================================
17:07:24 [INFO]   Total pasos: 8
17:07:24 [INFO]   Total pasos: 8
17:07:24 [INFO]   Hipotesis generadas: 1
17:07:24 [INFO]   Hipotesis generadas: 1
17:07:24 [INFO]   Consultas a memoria: 1
17:07:24 [INFO]   Consultas a memoria: 1
17:07:24 [INFO]   Conocimiento aplicado: 0
17:07:24 [INFO]   Conocimiento aplicado: 0
17:07:24 [INFO]   Tool calls: 0
17:07:24 [INFO]   Tool calls: 0
17:07:24 [INFO]   Verificaciones: 1
17:07:24 [INFO]   Verificaciones: 1
17:07:24 [INFO]   Lecciones aprendidas: 1
17:07:24 [INFO]   Lecciones aprendidas: 1
17:07:24 [INFO]   Duracion: 202.9ms
17:07:24 [INFO]   Duracion: 202.9ms
17:07:24 [INFO] ============================================================
17:07:24 [INFO] ============================================================
17:07:24 [INFO] [  0] TASK_RECEIVED: You are negotiating API rate limits with three different third-party vendors, one after another, for the same integration. The first vendor gives you a rate limit that turns out to be far lower than documented once you hit it in practice, and support is slow to confirm the real number. Describe how you would approach the second and third vendor negotiations differently as a result of what happened with the first.
17:07:24 [INFO] [  0] TASK_RECEIVED: You are negotiating API rate limits with three different third-party vendors, one after another, for the same integration. The first vendor gives you a rate limit that turns out to be far lower than documented once you hit it in practice, and support is slow to confirm the real number. Describe how you would approach the second and third vendor negotiations differently as a result of what happened with the first.
17:07:24 [INFO] [  0] TASK_RECEIVED: You are negotiating API rate limits with three different third-party vendors, one after another, for the same integration. The first vendor gives you a rate limit that turns out to be far lower than documented once you hit it in practice, and support is slow to confirm the real number. Describe how you would approach the second and third vendor negotiations differently as a result of what happened with the first.
17:07:25 [INFO] [  1] CLASSIFY: Depth=L3_investigate Complexity=0.20
17:07:25 [INFO] [  1] CLASSIFY: Depth=L3_investigate Complexity=0.20
17:07:25 [INFO] [  1] CLASSIFY: Depth=L3_investigate Complexity=0.20
17:07:25 [DEBUG]       Data: {"depth": "L3_investigate", "complexity": 0.2, "keywords": ["Uncertainty=1", "Planning=0", "Experiment=0", "Adapt=0", "Long=0"]}
17:07:25 [DEBUG]       Data: {"depth": "L3_investigate", "complexity": 0.2, "keywords": ["Uncertainty=1", "Planning=0", "Experiment=0", "Adapt=0", "Long=0"]}
17:07:25 [DEBUG]       Data: {"depth": "L3_investigate", "complexity": 0.2, "keywords": ["Uncertainty=1", "Planning=0", "Experiment=0", "Adapt=0", "Long=0"]}
17:07:25 [INFO] [  2] PLAN: Generated 8 steps
17:07:25 [INFO] [  2] PLAN: Generated 8 steps
17:07:25 [INFO] [  2] PLAN: Generated 8 steps
17:07:25 [DEBUG]       Data: {"steps": ["Understand: You are negotiating API rate limits with three different third-party vendors, one after another, for the same integration. The first vendor gives you a rate limit that turns out to be far lower than documented once you hit it in practice, and support is slow to confirm the real number. Describe how you would approach the second and third vendor negotiations differently as a result of what happened with the first.", "Extract constraints and unknowns", "Generate hypotheses", "Design experiments", "Execute experiments", "Evaluate evidence", "Verify results", "Extract lessons"]}
17:07:25 [DEBUG]       Data: {"steps": ["Understand: You are negotiating API rate limits with three different third-party vendors, one after another, for the same integration. The first vendor gives you a rate limit that turns out to be far lower than documented once you hit it in practice, and support is slow to confirm the real number. Describe how you would approach the second and third vendor negotiations differently as a result of what happened with the first.", "Extract constraints and unknowns", "Generate hypotheses", "Design experiments", "Execute experiments", "Evaluate evidence", "Verify results", "Extract lessons"]}
17:07:25 [DEBUG]       Data: {"steps": ["Understand: You are negotiating API rate limits with three different third-party vendors, one after another, for the same integration. The first vendor gives you a rate limit that turns out to be far lower than documented once you hit it in practice, and support is slow to confirm the real number. Describe how you would approach the second and third vendor negotiations differently as a result of what happened with the first.", "Extract constraints and unknowns", "Generate hypotheses", "Design experiments", "Execute experiments", "Evaluate evidence", "Verify results", "Extract lessons"]}
17:07:25 [INFO] [  3] MEMORY: Query="You are negotiating API rate limits with three different third-party vendors, one after another, for the same integration. The first vendor gives you a rate limit that turns out to be far lower than documented once you hit it in practice, and support is slow to confirm the real number. Describe how you would approach the second and third vendor negotiations differently as a result of what happened with the first." Results=0 TopRelevance=0.00
17:07:25 [INFO] [  3] MEMORY: Query="You are negotiating API rate limits with three different third-party vendors, one after another, for the same integration. The first vendor gives you a rate limit that turns out to be far lower than documented once you hit it in practice, and support is slow to confirm the real number. Describe how you would approach the second and third vendor negotiations differently as a result of what happened with the first." Results=0 TopRelevance=0.00
17:07:25 [INFO] [  3] MEMORY: Query="You are negotiating API rate limits with three different third-party vendors, one after another, for the same integration. The first vendor gives you a rate limit that turns out to be far lower than documented once you hit it in practice, and support is slow to confirm the real number. Describe how you would approach the second and third vendor negotiations differently as a result of what happened with the first." Results=0 TopRelevance=0.00
17:07:25 [DEBUG]       Data: {"query": "You are negotiating API rate limits with three different third-party vendors, one after another, for the same integration. The first vendor gives you a rate limit that turns out to be far lower than documented once you hit it in practice, and support is slow to confirm the real number. Describe how you would approach the second and third vendor negotiations differently as a result of what happened with the first.", "results_count": 0, "top_relevance": 0}
17:07:25 [DEBUG]       Data: {"query": "You are negotiating API rate limits with three different third-party vendors, one after another, for the same integration. The first vendor gives you a rate limit that turns out to be far lower than documented once you hit it in practice, and support is slow to confirm the real number. Describe how you would approach the second and third vendor negotiations differently as a result of what happened with the first.", "results_count": 0, "top_relevance": 0}
17:07:25 [DEBUG]       Data: {"query": "You are negotiating API rate limits with three different third-party vendors, one after another, for the same integration. The first vendor gives you a rate limit that turns out to be far lower than documented once you hit it in practice, and support is slow to confirm the real number. Describe how you would approach the second and third vendor negotiations differently as a result of what happened with the first.", "results_count": 0, "top_relevance": 0}
17:07:25 [INFO] [  4] HYPOTHESIS: {'name': 'UnknownError', 'data': {'message': 'Unexpected server error. Check server logs for details.', 'ref': 'err_bb1062cc'}} (conf=0.50)
17:07:25 [INFO] [  4] HYPOTHESIS: {'name': 'UnknownError', 'data': {'message': 'Unexpected server error. Check server logs for details.', 'ref': 'err_bb1062cc'}} (conf=0.50)
17:07:25 [INFO] [  4] HYPOTHESIS: {'name': 'UnknownError', 'data': {'message': 'Unexpected server error. Check server logs for details.', 'ref': 'err_bb1062cc'}} (conf=0.50)
17:07:25 [DEBUG]       Data: {"hypothesis": "{'name': 'UnknownError', 'data': {'message': 'Unexpected server error. Check server logs for details.', 'ref': 'err_bb1062cc'}}", "confidence": 0.5}
17:07:25 [DEBUG]       Data: {"hypothesis": "{'name': 'UnknownError', 'data': {'message': 'Unexpected server error. Check server logs for details.', 'ref': 'err_bb1062cc'}}", "confidence": 0.5}
17:07:25 [DEBUG]       Data: {"hypothesis": "{'name': 'UnknownError', 'data': {'message': 'Unexpected server error. Check server logs for details.', 'ref': 'err_bb1062cc'}}", "confidence": 0.5}
17:07:25 [INFO] [  5] KNOWLEDGE: Applied 10 entries from search
17:07:25 [INFO] [  5] KNOWLEDGE: Applied 10 entries from search
17:07:25 [INFO] [  5] KNOWLEDGE: Applied 10 entries from search
17:07:25 [DEBUG]       Data: {"entries": ["Quixotic-Pragmatic Verification Dialectic", "Picaresque Iterative Adaptation", "Cognitive Bias Awareness", "Iterative Planning", "Stopping Rules"], "count": 10}
17:07:25 [DEBUG]       Data: {"entries": ["Quixotic-Pragmatic Verification Dialectic", "Picaresque Iterative Adaptation", "Cognitive Bias Awareness", "Iterative Planning", "Stopping Rules"], "count": 10}
17:07:25 [DEBUG]       Data: {"entries": ["Quixotic-Pragmatic Verification Dialectic", "Picaresque Iterative Adaptation", "Cognitive Bias Awareness", "Iterative Planning", "Stopping Rules"], "count": 10}
17:07:25 [INFO] [  6] LEARN: Completed task with depth L3_investigate
17:07:25 [INFO] [  6] LEARN: Completed task with depth L3_investigate
17:07:25 [INFO] [  6] LEARN: Completed task with depth L3_investigate
17:07:25 [INFO] [  7] METACOG: Confidence=0.50
17:07:25 [INFO] [  7] METACOG: Confidence=0.50
17:07:25 [INFO] [  7] METACOG: Confidence=0.50
17:07:25 [DEBUG]       Data: {"confidence": 0.5, "state": {"current_confidence": 0.5, "strongest_assumption": "", "weakest_assumption": "", "known_unknowns": [], "uncertainty_sources": [], "possible_biases": [], "alternative_strategies": [], "failure_risk": 0.5, "verification_status": ""}}
17:07:25 [DEBUG]       Data: {"confidence": 0.5, "state": {"current_confidence": 0.5, "strongest_assumption": "", "weakest_assumption": "", "known_unknowns": [], "uncertainty_sources": [], "possible_biases": [], "alternative_strategies": [], "failure_risk": 0.5, "verification_status": ""}}
17:07:25 [DEBUG]       Data: {"confidence": 0.5, "state": {"current_confidence": 0.5, "strongest_assumption": "", "weakest_assumption": "", "known_unknowns": [], "uncertainty_sources": [], "possible_biases": [], "alternative_strategies": [], "failure_risk": 0.5, "verification_status": ""}}
17:07:25 [INFO] 
17:07:25 [INFO] 
17:07:25 [INFO] 
17:07:25 [INFO] ============================================================
17:07:25 [INFO] ============================================================
17:07:25 [INFO] ============================================================
17:07:25 [INFO] RESUMEN DE EJECUCION
17:07:25 [INFO] RESUMEN DE EJECUCION
17:07:25 [INFO] RESUMEN DE EJECUCION
17:07:25 [INFO] ============================================================
17:07:25 [INFO] ============================================================
17:07:25 [INFO] ============================================================
17:07:25 [INFO]   Total pasos: 8
17:07:25 [INFO]   Total pasos: 8
17:07:25 [INFO]   Total pasos: 8
17:07:25 [INFO]   Hipotesis generadas: 1
17:07:25 [INFO]   Hipotesis generadas: 1
17:07:25 [INFO]   Hipotesis generadas: 1
17:07:25 [INFO]   Consultas a memoria: 1
17:07:25 [INFO]   Consultas a memoria: 1
17:07:25 [INFO]   Consultas a memoria: 1
17:07:25 [INFO]   Conocimiento aplicado: 10
17:07:25 [INFO]   Conocimiento aplicado: 10
17:07:25 [INFO]   Conocimiento aplicado: 10
17:07:25 [INFO]   Tool calls: 0
17:07:25 [INFO]   Tool calls: 0
17:07:25 [INFO]   Tool calls: 0
17:07:25 [INFO]   Verificaciones: 0
17:07:25 [INFO]   Verificaciones: 0
17:07:25 [INFO]   Verificaciones: 0
17:07:25 [INFO]   Lecciones aprendidas: 1
17:07:25 [INFO]   Lecciones aprendidas: 1
17:07:25 [INFO]   Lecciones aprendidas: 1
17:07:25 [INFO]   Duracion: 92.6ms
17:07:25 [INFO]   Duracion: 92.6ms
17:07:25 [INFO]   Duracion: 92.6ms
17:07:25 [INFO] ============================================================
17:07:25 [INFO] ============================================================
17:07:25 [INFO] ============================================================
