19:04:30 [INFO] [  0] TASK_RECEIVED: You are negotiating API rate limits with three different third-party vendors, one after another, for the same integration. The first vendor gives you a rate limit that turns out to be far lower than documented once you hit it in practice, and support is slow to confirm the real number. Describe how you would approach the second and third vendor negotiations differently as a result of what happened with the first — be specific about what you'd verify up front and why, rather than just resolving to 'be more careful'.
19:04:30 [INFO] [  1] CLASSIFY: Depth=L3_investigate Complexity=0.40
19:04:30 [DEBUG]       Data: {"depth": "L3_investigate", "complexity": 0.4, "keywords": ["Uncertainty=2", "Planning=0", "Experiment=0", "Adapt=0", "Long=0"]}
19:04:30 [INFO] [  2] PLAN: Generated 8 steps
19:04:30 [DEBUG]       Data: {"steps": ["Understand: You are negotiating API rate limits with three different third-party vendors, one after another, for the same integration. The first vendor gives you a rate limit that turns out to be far lower than documented once you hit it in practice, and support is slow to confirm the real number. Describe how you would approach the second and third vendor negotiations differently as a result of what happened with the first — be specific about what you'd verify up front and why, rather than just resolving to 'be more careful'.", "Extract constraints and unknowns", "Generate hypotheses", "Design experiments", "Execute experiments", "Evaluate evidence", "Verify results", "Extract lessons"]}
19:04:30 [INFO] [  3] MEMORY: Query="You are negotiating API rate limits with three different third-party vendors, one after another, for the same integration. The first vendor gives you a rate limit that turns out to be far lower than documented once you hit it in practice, and support is slow to confirm the real number. Describe how you would approach the second and third vendor negotiations differently as a result of what happened with the first — be specific about what you'd verify up front and why, rather than just resolving to 'be more careful'." Results=0 TopRelevance=0.00
19:04:30 [DEBUG]       Data: {"query": "You are negotiating API rate limits with three different third-party vendors, one after another, for the same integration. The first vendor gives you a rate limit that turns out to be far lower than documented once you hit it in practice, and support is slow to confirm the real number. Describe how you would approach the second and third vendor negotiations differently as a result of what happened with the first — be specific about what you'd verify up front and why, rather than just resolving to 'be more careful'.", "results_count": 0, "top_relevance": 0}
19:04:46 [INFO] [  4] HYPOTHESIS: If I verify rate limits through a production-scale load test with representative production-tier credentials before contract signing, then the recorded rate limit will match the documented value in 90% of cases. (conf=0.50)
19:04:46 [DEBUG]       Data: {"hypothesis": "If I verify rate limits through a production-scale load test with representative production-tier credentials before contract signing, then the recorded rate limit will match the documented value in 90% of cases.", "confidence": 0.5}
19:04:46 [INFO] [  5] KNOWLEDGE: Applied 10 entries from search
19:04:46 [DEBUG]       Data: {"entries": ["Engineered Verification Dialectic", "Engineered Iterative Adaptation", "Iterative Planning", "Cognitive Bias Awareness", "Reproduce First"], "count": 10}
19:05:09 [INFO] [  6] VERIFY: [FAIL] Answer verified
19:05:09 [DEBUG]       Data: {"claim": "Answer verified", "result": "## Objective\n\nVerify the binding rate limit of vendors 2 and 3 before signing via a production-scale", "passed": false}
19:05:09 [INFO] [  7] LEARN: Completed task with depth L3_investigate
19:05:09 [INFO] [  8] METACOG: Confidence=0.20
19:05:09 [DEBUG]       Data: {"confidence": 0.2, "state": {"current_confidence": 0.2, "strongest_assumption": "", "weakest_assumption": "", "known_unknowns": ["no evidence provided; the 90% figure is an unsupported assertion; \"production-scale\" and \"production-tier credentials\" are undefined; vendors may not issue representative credentials pre-contract or may charge for load testing; the load test reproduces assumed future traffic", "which may differ from actual post-launch behavior; limits may be dynamic or time-windowed beyond the test; written confirmation may merely restate marketing docs; post-conversion limits are unverifiable pre-signing."], "uncertainty_sources": ["no evidence provided; the 90% figure is an unsupported assertion; \"production-scale\" and \"production-tier credentials\" are undefined; vendors may not issue representative credentials pre-contract or may charge for load testing; the load test reproduces assumed future traffic", "which may differ from actual post-launch behavior; limits may be dynamic or time-windowed beyond the test; written confirmation may merely restate marketing docs; post-conversion limits are unverifiable pre-signing."], "possible_biases": [], "alternative_strategies": [], "failure_risk": 0.8, "verification_status": "unverified"}}
19:05:09 [INFO] 
19:05:09 [INFO] ============================================================
19:05:09 [INFO] RESUMEN DE EJECUCION
19:05:09 [INFO] ============================================================
19:05:09 [INFO]   Total pasos: 9
19:05:09 [INFO]   Hipotesis generadas: 1
19:05:09 [INFO]   Consultas a memoria: 1
19:05:09 [INFO]   Conocimiento aplicado: 10
19:05:09 [INFO]   Tool calls: 0
19:05:09 [INFO]   Verificaciones: 1
19:05:09 [INFO]   Lecciones aprendidas: 1
19:05:09 [INFO]   Duracion: 38970.8ms
19:05:09 [INFO] ============================================================
