17:30:16 [INFO] [  0] TASK_RECEIVED: You are negotiating API rate limits with three different third-party vendors, one after another, for the same integration. The first vendor gives you a rate limit that turns out to be far lower than documented once you hit it in practice, and support is slow to confirm the real number. Describe how you would approach the second and third vendor negotiations differently as a result of what happened with the first — be specific about what you'd verify up front and why, rather than just resolving to 'be more careful'.
17:30:16 [INFO] [  1] CLASSIFY: Depth=L3_investigate Complexity=0.40
17:30:16 [DEBUG]       Data: {"depth": "L3_investigate", "complexity": 0.4, "keywords": ["Uncertainty=2", "Planning=0", "Experiment=0", "Adapt=0", "Long=0"]}
17:30:16 [INFO] [  2] PLAN: Generated 8 steps
17:30:16 [DEBUG]       Data: {"steps": ["Understand: You are negotiating API rate limits with three different third-party vendors, one after another, for the same integration. The first vendor gives you a rate limit that turns out to be far lower than documented once you hit it in practice, and support is slow to confirm the real number. Describe how you would approach the second and third vendor negotiations differently as a result of what happened with the first — be specific about what you'd verify up front and why, rather than just resolving to 'be more careful'.", "Extract constraints and unknowns", "Generate hypotheses", "Design experiments", "Execute experiments", "Evaluate evidence", "Verify results", "Extract lessons"]}
17:30:16 [INFO] [  3] MEMORY: Query="You are negotiating API rate limits with three different third-party vendors, one after another, for the same integration. The first vendor gives you a rate limit that turns out to be far lower than documented once you hit it in practice, and support is slow to confirm the real number. Describe how you would approach the second and third vendor negotiations differently as a result of what happened with the first — be specific about what you'd verify up front and why, rather than just resolving to 'be more careful'." Results=0 TopRelevance=0.00
17:30:16 [DEBUG]       Data: {"query": "You are negotiating API rate limits with three different third-party vendors, one after another, for the same integration. The first vendor gives you a rate limit that turns out to be far lower than documented once you hit it in practice, and support is slow to confirm the real number. Describe how you would approach the second and third vendor negotiations differently as a result of what happened with the first — be specific about what you'd verify up front and why, rather than just resolving to 'be more careful'.", "results_count": 0, "top_relevance": 0}
17:32:16 [INFO] [  4] HYPOTHESIS: [OpenCode provider error: timed out] (conf=0.50)
17:32:16 [DEBUG]       Data: {"hypothesis": "[OpenCode provider error: timed out]", "confidence": 0.5}
17:32:16 [INFO] [  5] KNOWLEDGE: Applied 10 entries from search
17:32:16 [DEBUG]       Data: {"entries": ["Iterative Planning", "Cognitive Bias Awareness", "Reproduce First", "Stopping Rules", "YAGNI"], "count": 10}
17:33:49 [INFO] [  6] VERIFY: [FAIL] Answer verified
17:33:49 [DEBUG]       Data: {"claim": "Answer verified", "result": "{\"info\": {\"parentID\": \"msg_067e46686001qMQTjh1D9k8hHQ\", \"role\": \"assistant\", \"mode\": \"build\", \"agent", "passed": false}
17:33:49 [INFO] [  7] LEARN: Completed task with depth L3_investigate
17:33:49 [INFO] [  8] METACOG: Confidence=0.50
17:33:49 [DEBUG]       Data: {"confidence": 0.5, "state": {"current_confidence": 0.5, "strongest_assumption": "", "weakest_assumption": "", "known_unknowns": [], "uncertainty_sources": [], "possible_biases": [], "alternative_strategies": [], "failure_risk": 0.5, "verification_status": "unverified"}}
17:33:49 [INFO] 
17:33:49 [INFO] ============================================================
17:33:49 [INFO] RESUMEN DE EJECUCION
17:33:49 [INFO] ============================================================
17:33:49 [INFO]   Total pasos: 9
17:33:49 [INFO]   Hipotesis generadas: 1
17:33:49 [INFO]   Consultas a memoria: 1
17:33:49 [INFO]   Conocimiento aplicado: 10
17:33:49 [INFO]   Tool calls: 0
17:33:49 [INFO]   Verificaciones: 1
17:33:49 [INFO]   Lecciones aprendidas: 1
17:33:49 [INFO]   Duracion: 212550.6ms
17:33:49 [INFO] ============================================================
