00:23:16 [INFO] [  0] TASK_RECEIVED: Convert 5 km to miles
00:23:16 [INFO] [  1] CLASSIFY: Depth=L0_direct Complexity=0.00
00:23:16 [DEBUG]       Data: {"depth": "L0_direct", "complexity": 0.0, "keywords": ["Uncertainty=0", "Planning=0", "Experiment=0", "Adapt=0", "Long=0"]}
00:23:16 [INFO] [  2] PLAN: Generated 1 steps
00:23:16 [DEBUG]       Data: {"steps": ["Execute: Convert 5 km to miles"]}
00:23:16 [INFO] [  3] MEMORY: Query="Convert 5 km to miles" Results=0 TopRelevance=0.00
00:23:16 [DEBUG]       Data: {"query": "Convert 5 km to miles", "results_count": 0, "top_relevance": 0}
00:23:16 [INFO] [  4] LEARN: Completed task with depth L0_direct
00:23:16 [INFO] [  5] METACOG: Confidence=0.50
00:23:16 [DEBUG]       Data: {"confidence": 0.5, "state": {"current_confidence": 0.5, "strongest_assumption": "", "weakest_assumption": "", "known_unknowns": [], "uncertainty_sources": [], "possible_biases": [], "alternative_strategies": [], "failure_risk": 0.5, "verification_status": ""}}
00:23:16 [INFO] 
00:23:16 [INFO] ============================================================
00:23:16 [INFO] RESUMEN DE EJECUCION
00:23:16 [INFO] ============================================================
00:23:16 [INFO]   Total pasos: 6
00:23:16 [INFO]   Hipotesis generadas: 0
00:23:16 [INFO]   Consultas a memoria: 1
00:23:16 [INFO]   Conocimiento aplicado: 0
00:23:16 [INFO]   Tool calls: 0
00:23:16 [INFO]   Verificaciones: 0
00:23:16 [INFO]   Lecciones aprendidas: 1
00:23:16 [INFO]   Duracion: 7.8ms
00:23:16 [INFO] ============================================================
00:23:16 [INFO] [  0] TASK_RECEIVED: What is the meaning of life?
00:23:16 [INFO] [  0] TASK_RECEIVED: What is the meaning of life?
00:23:16 [INFO] [  1] CLASSIFY: Depth=L0_direct Complexity=0.00
00:23:16 [INFO] [  1] CLASSIFY: Depth=L0_direct Complexity=0.00
00:23:16 [DEBUG]       Data: {"depth": "L0_direct", "complexity": 0.0, "keywords": ["Uncertainty=0", "Planning=0", "Experiment=0", "Adapt=0", "Long=0"]}
00:23:16 [DEBUG]       Data: {"depth": "L0_direct", "complexity": 0.0, "keywords": ["Uncertainty=0", "Planning=0", "Experiment=0", "Adapt=0", "Long=0"]}
00:23:16 [INFO] [  2] PLAN: Generated 1 steps
00:23:16 [INFO] [  2] PLAN: Generated 1 steps
00:23:16 [DEBUG]       Data: {"steps": ["Execute: What is the meaning of life?"]}
00:23:16 [DEBUG]       Data: {"steps": ["Execute: What is the meaning of life?"]}
00:23:16 [INFO] [  3] MEMORY: Query="What is the meaning of life?" Results=0 TopRelevance=0.00
00:23:16 [INFO] [  3] MEMORY: Query="What is the meaning of life?" Results=0 TopRelevance=0.00
00:23:16 [DEBUG]       Data: {"query": "What is the meaning of life?", "results_count": 0, "top_relevance": 0}
00:23:16 [DEBUG]       Data: {"query": "What is the meaning of life?", "results_count": 0, "top_relevance": 0}
00:23:16 [INFO] [  4] LEARN: Completed task with depth L0_direct
00:23:16 [INFO] [  4] LEARN: Completed task with depth L0_direct
00:23:16 [INFO] [  5] METACOG: Confidence=0.50
00:23:16 [INFO] [  5] METACOG: Confidence=0.50
00:23:16 [DEBUG]       Data: {"confidence": 0.5, "state": {"current_confidence": 0.5, "strongest_assumption": "", "weakest_assumption": "", "known_unknowns": [], "uncertainty_sources": [], "possible_biases": [], "alternative_strategies": [], "failure_risk": 0.5, "verification_status": ""}}
00:23:16 [DEBUG]       Data: {"confidence": 0.5, "state": {"current_confidence": 0.5, "strongest_assumption": "", "weakest_assumption": "", "known_unknowns": [], "uncertainty_sources": [], "possible_biases": [], "alternative_strategies": [], "failure_risk": 0.5, "verification_status": ""}}
00:23:16 [INFO] 
00:23:16 [INFO] 
00:23:16 [INFO] ============================================================
00:23:16 [INFO] ============================================================
00:23:16 [INFO] RESUMEN DE EJECUCION
00:23:16 [INFO] RESUMEN DE EJECUCION
00:23:16 [INFO] ============================================================
00:23:16 [INFO] ============================================================
00:23:16 [INFO]   Total pasos: 6
00:23:16 [INFO]   Total pasos: 6
00:23:16 [INFO]   Hipotesis generadas: 0
00:23:16 [INFO]   Hipotesis generadas: 0
00:23:16 [INFO]   Consultas a memoria: 1
00:23:16 [INFO]   Consultas a memoria: 1
00:23:16 [INFO]   Conocimiento aplicado: 0
00:23:16 [INFO]   Conocimiento aplicado: 0
00:23:16 [INFO]   Tool calls: 0
00:23:16 [INFO]   Tool calls: 0
00:23:16 [INFO]   Verificaciones: 0
00:23:16 [INFO]   Verificaciones: 0
00:23:16 [INFO]   Lecciones aprendidas: 1
00:23:16 [INFO]   Lecciones aprendidas: 1
00:23:16 [INFO]   Duracion: 6.8ms
00:23:16 [INFO]   Duracion: 6.8ms
00:23:16 [INFO] ============================================================
00:23:16 [INFO] ============================================================
00:23:16 [INFO] [  0] TASK_RECEIVED: Investigate why the system is slow
00:23:16 [INFO] [  0] TASK_RECEIVED: Investigate why the system is slow
00:23:16 [INFO] [  0] TASK_RECEIVED: Investigate why the system is slow
00:23:16 [INFO] [  1] CLASSIFY: Depth=L3_investigate Complexity=0.60
00:23:16 [INFO] [  1] CLASSIFY: Depth=L3_investigate Complexity=0.60
00:23:16 [INFO] [  1] CLASSIFY: Depth=L3_investigate Complexity=0.60
00:23:16 [DEBUG]       Data: {"depth": "L3_investigate", "complexity": 0.6, "keywords": ["Uncertainty=3", "Planning=0", "Experiment=0", "Adapt=0", "Long=0"]}
00:23:16 [DEBUG]       Data: {"depth": "L3_investigate", "complexity": 0.6, "keywords": ["Uncertainty=3", "Planning=0", "Experiment=0", "Adapt=0", "Long=0"]}
00:23:16 [DEBUG]       Data: {"depth": "L3_investigate", "complexity": 0.6, "keywords": ["Uncertainty=3", "Planning=0", "Experiment=0", "Adapt=0", "Long=0"]}
00:23:16 [INFO] [  2] PLAN: Generated 8 steps
00:23:16 [INFO] [  2] PLAN: Generated 8 steps
00:23:16 [INFO] [  2] PLAN: Generated 8 steps
00:23:16 [DEBUG]       Data: {"steps": ["Understand: Investigate why the system is slow", "Extract constraints and unknowns", "Generate hypotheses", "Design experiments", "Execute experiments", "Evaluate evidence", "Verify results", "Extract lessons"]}
00:23:16 [DEBUG]       Data: {"steps": ["Understand: Investigate why the system is slow", "Extract constraints and unknowns", "Generate hypotheses", "Design experiments", "Execute experiments", "Evaluate evidence", "Verify results", "Extract lessons"]}
00:23:16 [DEBUG]       Data: {"steps": ["Understand: Investigate why the system is slow", "Extract constraints and unknowns", "Generate hypotheses", "Design experiments", "Execute experiments", "Evaluate evidence", "Verify results", "Extract lessons"]}
00:23:16 [INFO] [  3] MEMORY: Query="Investigate why the system is slow" Results=0 TopRelevance=0.00
00:23:16 [INFO] [  3] MEMORY: Query="Investigate why the system is slow" Results=0 TopRelevance=0.00
00:23:16 [INFO] [  3] MEMORY: Query="Investigate why the system is slow" Results=0 TopRelevance=0.00
00:23:16 [DEBUG]       Data: {"query": "Investigate why the system is slow", "results_count": 0, "top_relevance": 0}
00:23:16 [DEBUG]       Data: {"query": "Investigate why the system is slow", "results_count": 0, "top_relevance": 0}
00:23:16 [DEBUG]       Data: {"query": "Investigate why the system is slow", "results_count": 0, "top_relevance": 0}
00:23:16 [INFO] [  4] HYPOTHESIS: Hypothesis from: Investigate why the system is slow (conf=0.50)
00:23:16 [INFO] [  4] HYPOTHESIS: Hypothesis from: Investigate why the system is slow (conf=0.50)
00:23:16 [INFO] [  4] HYPOTHESIS: Hypothesis from: Investigate why the system is slow (conf=0.50)
00:23:16 [DEBUG]       Data: {"hypothesis": "Hypothesis from: Investigate why the system is slow", "confidence": 0.5}
00:23:16 [DEBUG]       Data: {"hypothesis": "Hypothesis from: Investigate why the system is slow", "confidence": 0.5}
00:23:16 [DEBUG]       Data: {"hypothesis": "Hypothesis from: Investigate why the system is slow", "confidence": 0.5}
00:23:16 [INFO] [  5] VERIFY: [FAIL] Answer verified
00:23:16 [INFO] [  5] VERIFY: [FAIL] Answer verified
00:23:16 [INFO] [  5] VERIFY: [FAIL] Answer verified
00:23:16 [DEBUG]       Data: {"claim": "Answer verified", "result": "Cognitive runtime processed: Investigate why the system is slow (depth=L3_investigate) | What could ", "passed": false}
00:23:16 [DEBUG]       Data: {"claim": "Answer verified", "result": "Cognitive runtime processed: Investigate why the system is slow (depth=L3_investigate) | What could ", "passed": false}
00:23:16 [DEBUG]       Data: {"claim": "Answer verified", "result": "Cognitive runtime processed: Investigate why the system is slow (depth=L3_investigate) | What could ", "passed": false}
00:23:16 [INFO] [  6] LEARN: Completed task with depth L3_investigate
00:23:16 [INFO] [  6] LEARN: Completed task with depth L3_investigate
00:23:16 [INFO] [  6] LEARN: Completed task with depth L3_investigate
00:23:16 [INFO] [  7] METACOG: Confidence=0.50
00:23:16 [INFO] [  7] METACOG: Confidence=0.50
00:23:16 [INFO] [  7] METACOG: Confidence=0.50
00:23:16 [DEBUG]       Data: {"confidence": 0.5, "state": {"current_confidence": 0.5, "strongest_assumption": "", "weakest_assumption": "", "known_unknowns": [], "uncertainty_sources": [], "possible_biases": [], "alternative_strategies": [], "failure_risk": 0.5, "verification_status": "unverified"}}
00:23:16 [DEBUG]       Data: {"confidence": 0.5, "state": {"current_confidence": 0.5, "strongest_assumption": "", "weakest_assumption": "", "known_unknowns": [], "uncertainty_sources": [], "possible_biases": [], "alternative_strategies": [], "failure_risk": 0.5, "verification_status": "unverified"}}
00:23:16 [DEBUG]       Data: {"confidence": 0.5, "state": {"current_confidence": 0.5, "strongest_assumption": "", "weakest_assumption": "", "known_unknowns": [], "uncertainty_sources": [], "possible_biases": [], "alternative_strategies": [], "failure_risk": 0.5, "verification_status": "unverified"}}
00:23:16 [INFO] 
00:23:16 [INFO] 
00:23:16 [INFO] 
00:23:16 [INFO] ============================================================
00:23:16 [INFO] ============================================================
00:23:16 [INFO] ============================================================
00:23:16 [INFO] RESUMEN DE EJECUCION
00:23:16 [INFO] RESUMEN DE EJECUCION
00:23:16 [INFO] RESUMEN DE EJECUCION
00:23:16 [INFO] ============================================================
00:23:16 [INFO] ============================================================
00:23:16 [INFO] ============================================================
00:23:16 [INFO]   Total pasos: 8
00:23:16 [INFO]   Total pasos: 8
00:23:16 [INFO]   Total pasos: 8
00:23:16 [INFO]   Hipotesis generadas: 1
00:23:16 [INFO]   Hipotesis generadas: 1
00:23:16 [INFO]   Hipotesis generadas: 1
00:23:16 [INFO]   Consultas a memoria: 1
00:23:16 [INFO]   Consultas a memoria: 1
00:23:16 [INFO]   Consultas a memoria: 1
00:23:16 [INFO]   Conocimiento aplicado: 0
00:23:16 [INFO]   Conocimiento aplicado: 0
00:23:16 [INFO]   Conocimiento aplicado: 0
00:23:16 [INFO]   Tool calls: 0
00:23:16 [INFO]   Tool calls: 0
00:23:16 [INFO]   Tool calls: 0
00:23:16 [INFO]   Verificaciones: 1
00:23:16 [INFO]   Verificaciones: 1
00:23:16 [INFO]   Verificaciones: 1
00:23:16 [INFO]   Lecciones aprendidas: 1
00:23:16 [INFO]   Lecciones aprendidas: 1
00:23:16 [INFO]   Lecciones aprendidas: 1
00:23:16 [INFO]   Duracion: 7.7ms
00:23:16 [INFO]   Duracion: 7.7ms
00:23:16 [INFO]   Duracion: 7.7ms
00:23:16 [INFO] ============================================================
00:23:16 [INFO] ============================================================
00:23:16 [INFO] ============================================================
00:23:16 [INFO] [  0] TASK_RECEIVED: Fix the performance issue
00:23:16 [INFO] [  0] TASK_RECEIVED: Fix the performance issue
00:23:16 [INFO] [  0] TASK_RECEIVED: Fix the performance issue
00:23:16 [INFO] [  0] TASK_RECEIVED: Fix the performance issue
00:23:16 [INFO] [  1] CLASSIFY: Depth=L5_adapt Complexity=0.20
00:23:16 [INFO] [  1] CLASSIFY: Depth=L5_adapt Complexity=0.20
00:23:16 [INFO] [  1] CLASSIFY: Depth=L5_adapt Complexity=0.20
00:23:16 [INFO] [  1] CLASSIFY: Depth=L5_adapt Complexity=0.20
00:23:16 [DEBUG]       Data: {"depth": "L5_adapt", "complexity": 0.2, "keywords": ["Uncertainty=0", "Planning=0", "Experiment=0", "Adapt=1", "Long=0"]}
00:23:16 [DEBUG]       Data: {"depth": "L5_adapt", "complexity": 0.2, "keywords": ["Uncertainty=0", "Planning=0", "Experiment=0", "Adapt=1", "Long=0"]}
00:23:16 [DEBUG]       Data: {"depth": "L5_adapt", "complexity": 0.2, "keywords": ["Uncertainty=0", "Planning=0", "Experiment=0", "Adapt=1", "Long=0"]}
00:23:16 [DEBUG]       Data: {"depth": "L5_adapt", "complexity": 0.2, "keywords": ["Uncertainty=0", "Planning=0", "Experiment=0", "Adapt=1", "Long=0"]}
00:23:16 [INFO] [  2] PLAN: Generated 6 steps
00:23:16 [INFO] [  2] PLAN: Generated 6 steps
00:23:16 [INFO] [  2] PLAN: Generated 6 steps
00:23:16 [INFO] [  2] PLAN: Generated 6 steps
00:23:16 [DEBUG]       Data: {"steps": ["Understand: Fix the performance issue", "Extract constraints and unknowns", "Plan approach", "Execute approach", "Verify results", "Extract lessons"]}
00:23:16 [DEBUG]       Data: {"steps": ["Understand: Fix the performance issue", "Extract constraints and unknowns", "Plan approach", "Execute approach", "Verify results", "Extract lessons"]}
00:23:16 [DEBUG]       Data: {"steps": ["Understand: Fix the performance issue", "Extract constraints and unknowns", "Plan approach", "Execute approach", "Verify results", "Extract lessons"]}
00:23:16 [DEBUG]       Data: {"steps": ["Understand: Fix the performance issue", "Extract constraints and unknowns", "Plan approach", "Execute approach", "Verify results", "Extract lessons"]}
00:23:16 [INFO] [  3] MEMORY: Query="Fix the performance issue" Results=0 TopRelevance=0.00
00:23:16 [INFO] [  3] MEMORY: Query="Fix the performance issue" Results=0 TopRelevance=0.00
00:23:16 [INFO] [  3] MEMORY: Query="Fix the performance issue" Results=0 TopRelevance=0.00
00:23:16 [INFO] [  3] MEMORY: Query="Fix the performance issue" Results=0 TopRelevance=0.00
00:23:16 [DEBUG]       Data: {"query": "Fix the performance issue", "results_count": 0, "top_relevance": 0}
00:23:16 [DEBUG]       Data: {"query": "Fix the performance issue", "results_count": 0, "top_relevance": 0}
00:23:16 [DEBUG]       Data: {"query": "Fix the performance issue", "results_count": 0, "top_relevance": 0}
00:23:16 [DEBUG]       Data: {"query": "Fix the performance issue", "results_count": 0, "top_relevance": 0}
00:23:16 [INFO] [  4] LEARN: Completed task with depth L5_adapt
00:23:16 [INFO] [  4] LEARN: Completed task with depth L5_adapt
00:23:16 [INFO] [  4] LEARN: Completed task with depth L5_adapt
00:23:16 [INFO] [  4] LEARN: Completed task with depth L5_adapt
00:23:16 [INFO] [  5] METACOG: Confidence=0.50
00:23:16 [INFO] [  5] METACOG: Confidence=0.50
00:23:16 [INFO] [  5] METACOG: Confidence=0.50
00:23:16 [INFO] [  5] METACOG: Confidence=0.50
00:23:16 [DEBUG]       Data: {"confidence": 0.5, "state": {"current_confidence": 0.5, "strongest_assumption": "", "weakest_assumption": "", "known_unknowns": [], "uncertainty_sources": [], "possible_biases": [], "alternative_strategies": [], "failure_risk": 0.5, "verification_status": ""}}
00:23:16 [DEBUG]       Data: {"confidence": 0.5, "state": {"current_confidence": 0.5, "strongest_assumption": "", "weakest_assumption": "", "known_unknowns": [], "uncertainty_sources": [], "possible_biases": [], "alternative_strategies": [], "failure_risk": 0.5, "verification_status": ""}}
00:23:16 [DEBUG]       Data: {"confidence": 0.5, "state": {"current_confidence": 0.5, "strongest_assumption": "", "weakest_assumption": "", "known_unknowns": [], "uncertainty_sources": [], "possible_biases": [], "alternative_strategies": [], "failure_risk": 0.5, "verification_status": ""}}
00:23:16 [DEBUG]       Data: {"confidence": 0.5, "state": {"current_confidence": 0.5, "strongest_assumption": "", "weakest_assumption": "", "known_unknowns": [], "uncertainty_sources": [], "possible_biases": [], "alternative_strategies": [], "failure_risk": 0.5, "verification_status": ""}}
00:23:16 [INFO] 
00:23:16 [INFO] 
00:23:16 [INFO] 
00:23:16 [INFO] 
00:23:16 [INFO] ============================================================
00:23:16 [INFO] ============================================================
00:23:16 [INFO] ============================================================
00:23:16 [INFO] ============================================================
00:23:16 [INFO] RESUMEN DE EJECUCION
00:23:16 [INFO] RESUMEN DE EJECUCION
00:23:16 [INFO] RESUMEN DE EJECUCION
00:23:16 [INFO] RESUMEN DE EJECUCION
00:23:16 [INFO] ============================================================
00:23:16 [INFO] ============================================================
00:23:16 [INFO] ============================================================
00:23:16 [INFO] ============================================================
00:23:16 [INFO]   Total pasos: 6
00:23:16 [INFO]   Total pasos: 6
00:23:16 [INFO]   Total pasos: 6
00:23:16 [INFO]   Total pasos: 6
00:23:16 [INFO]   Hipotesis generadas: 0
00:23:16 [INFO]   Hipotesis generadas: 0
00:23:16 [INFO]   Hipotesis generadas: 0
00:23:16 [INFO]   Hipotesis generadas: 0
00:23:16 [INFO]   Consultas a memoria: 1
00:23:16 [INFO]   Consultas a memoria: 1
00:23:16 [INFO]   Consultas a memoria: 1
00:23:16 [INFO]   Consultas a memoria: 1
00:23:16 [INFO]   Conocimiento aplicado: 0
00:23:16 [INFO]   Conocimiento aplicado: 0
00:23:16 [INFO]   Conocimiento aplicado: 0
00:23:16 [INFO]   Conocimiento aplicado: 0
00:23:16 [INFO]   Tool calls: 0
00:23:16 [INFO]   Tool calls: 0
00:23:16 [INFO]   Tool calls: 0
00:23:16 [INFO]   Tool calls: 0
00:23:16 [INFO]   Verificaciones: 0
00:23:16 [INFO]   Verificaciones: 0
00:23:16 [INFO]   Verificaciones: 0
00:23:16 [INFO]   Verificaciones: 0
00:23:16 [INFO]   Lecciones aprendidas: 1
00:23:16 [INFO]   Lecciones aprendidas: 1
00:23:16 [INFO]   Lecciones aprendidas: 1
00:23:16 [INFO]   Lecciones aprendidas: 1
00:23:16 [INFO]   Duracion: 14.4ms
00:23:16 [INFO]   Duracion: 14.4ms
00:23:16 [INFO]   Duracion: 14.4ms
00:23:16 [INFO]   Duracion: 14.4ms
00:23:16 [INFO] ============================================================
00:23:16 [INFO] ============================================================
00:23:16 [INFO] ============================================================
00:23:16 [INFO] ============================================================
