19:01:18 [INFO] [  0] TASK_RECEIVED: A production error rate spiked right after your team's deploy. You are confident the deploy caused it — the timing lines up perfectly and your team is under pressure to prove the new feature is stable. Before you report the root cause, walk through how you would check that conclusion, including what the plainest, least dramatic alternative explanation might be and how you'd rule it in or out.
19:01:18 [INFO] [  1] CLASSIFY: Depth=L3_investigate Complexity=0.40
19:01:18 [DEBUG]       Data: {"depth": "L3_investigate", "complexity": 0.4, "keywords": ["Uncertainty=1", "Planning=1", "Experiment=0", "Adapt=0", "Long=0"]}
19:01:18 [INFO] [  2] PLAN: Generated 8 steps
19:01:18 [DEBUG]       Data: {"steps": ["Understand: A production error rate spiked right after your team's deploy. You are confident the deploy caused it — the timing lines up perfectly and your team is under pressure to prove the new feature is stable. Before you report the root cause, walk through how you would check that conclusion, including what the plainest, least dramatic alternative explanation might be and how you'd rule it in or out.", "Extract constraints and unknowns", "Generate hypotheses", "Design experiments", "Execute experiments", "Evaluate evidence", "Verify results", "Extract lessons"]}
19:01:18 [INFO] [  3] MEMORY: Query="A production error rate spiked right after your team's deploy. You are confident the deploy caused it — the timing lines up perfectly and your team is under pressure to prove the new feature is stable. Before you report the root cause, walk through how you would check that conclusion, including what the plainest, least dramatic alternative explanation might be and how you'd rule it in or out." Results=1 TopRelevance=1.00
19:01:18 [DEBUG]       Data: {"query": "A production error rate spiked right after your team's deploy. You are confident the deploy caused it — the timing lines up perfectly and your team is under pressure to prove the new feature is stable. Before you report the root cause, walk through how you would check that conclusion, including what the plainest, least dramatic alternative explanation might be and how you'd rule it in or out.", "results_count": 1, "top_relevance": 1.0}
19:01:21 [INFO] [  4] HYPOTHESIS: If I obtain trial credentials and stress-test the API at documented limits before signing, then the binding rate limit will match the documented number in 90% of cases. (conf=0.50)
19:01:21 [DEBUG]       Data: {"hypothesis": "If I obtain trial credentials and stress-test the API at documented limits before signing, then the binding rate limit will match the documented number in 90% of cases.", "confidence": 0.5}
19:01:21 [INFO] [  5] HYPOTHESIS: If the error rate returns to baseline when a previously-known-clean version is deployed, then the deploy is the root cause. (conf=0.50)
19:01:21 [DEBUG]       Data: {"hypothesis": "If the error rate returns to baseline when a previously-known-clean version is deployed, then the deploy is the root cause.", "confidence": 0.5}
19:01:21 [INFO] [  6] KNOWLEDGE: Applied 10 entries from search
19:01:21 [DEBUG]       Data: {"entries": ["Stopping Rules", "Cognitive Bias Awareness", "Reproduce First", "YAGNI", "Iterative Planning"], "count": 10}
19:01:40 [INFO] [  7] VERIFY: [FAIL] Answer verified
19:01:40 [DEBUG]       Data: {"claim": "Answer verified", "result": "## Objective\n\nDetermine definitively whether the deploy (the new code) is the root cause of the erro", "passed": false}
19:01:40 [INFO] [  8] LEARN: Completed task with depth L3_investigate
19:01:40 [INFO] [  9] METACOG: Confidence=0.30
19:01:40 [DEBUG]       Data: {"confidence": 0.3, "state": {"current_confidence": 0.3, "strongest_assumption": "", "weakest_assumption": "", "known_unknowns": ["claim is a proposed methodology", "not a verified finding; no evidence provided; baseline revert is a sound technique but an unproven guarantee; reverting to a \"clean version\" may not isolate the deploy if the clean version predates an environment/dependency change; canary/binary search assumes the infra and revert tooling exist and are available during an incident; regression could be a delayed effect that a snapshot comparison misses; no actual before/after data supplied to confirm the deploy is the cause"], "uncertainty_sources": ["claim is a proposed methodology", "not a verified finding; no evidence provided; baseline revert is a sound technique but an unproven guarantee; reverting to a \"clean version\" may not isolate the deploy if the clean version predates an environment/dependency change; canary/binary search assumes the infra and revert tooling exist and are available during an incident; regression could be a delayed effect that a snapshot comparison misses; no actual before/after data supplied to confirm the deploy is the cause"], "possible_biases": [], "alternative_strategies": [], "failure_risk": 0.7, "verification_status": "unverified"}}
19:01:40 [INFO] 
19:01:40 [INFO] ============================================================
19:01:40 [INFO] RESUMEN DE EJECUCION
19:01:40 [INFO] ============================================================
19:01:40 [INFO]   Total pasos: 10
19:01:40 [INFO]   Hipotesis generadas: 2
19:01:40 [INFO]   Consultas a memoria: 1
19:01:40 [INFO]   Conocimiento aplicado: 10
19:01:40 [INFO]   Tool calls: 0
19:01:40 [INFO]   Verificaciones: 1
19:01:40 [INFO]   Lecciones aprendidas: 1
19:01:40 [INFO]   Duracion: 22202.7ms
19:01:40 [INFO] ============================================================
